Garage/suv.rsm
Garage/copcar.rsm
Garage/muscle.rsm
Garage/luxury.rsm
Speech/Mechanic/Oscar/Misc/Oscar_animated_cutscene.rsm
Speech/Mechanic/Oscar/Misc/Oscar_groupB_unlock.rsm
Music/Techno/PlumpDJs_TheRubOff.rsm
Garage/chopper.rsm
Garage/copbike.rsm
Garage/culture.rsm
Music/Techno/Underground_Amazon.rsm
Music/Techno/Underground_HiTech.rsm
Speech/Narrator/4_DUB_Tourn_unlocked_1_B.rsm
Speech/Narrator/4_DUB_Tourn_unlocked_2_B.rsm
Speech/Narrator/4_DUB_Tourn_unlocked_3_B.rsm
Speech/Narrator/4_DUB_Tourn_unlocked_4_B.rsm
Speech/Narrator/50_Loses_EarnMoreMoney_1_B.rsm
Speech/Narrator/50_Loses_EarnMoreMoney_2_B.rsm
Speech/Narrator/50_Loses_EarnMoreMoney_3_B.rsm
Speech/Cops/Cop4_Warnings_100.rsm
Speech/Cops/Cop4_Warnings_101.rsm
Speech/Cops/Cop4_Warnings_110.rsm
Speech/Cops/Cop4_Warnings_102.rsm
Speech/Cops/Cop4_Warnings_111.rsm
Speech/Cops/Cop4_Warnings_103.rsm
Speech/Cops/Cop4_Warnings_120.rsm
Speech/Cops/Cop4_Warnings_112.rsm
Speech/Cops/Cop4_Warnings_104.rsm
Speech/Cops/Cop4_Warnings_121.rsm
Speech/Cops/Cop4_Warnings_113.rsm
Speech/Cops/Cop4_Warnings_105.rsm
Speech/Cops/Cop4_Warnings_130.rsm
Speech/Cops/Cop4_Warnings_122.rsm
Speech/Cops/Cop4_Warnings_114.rsm
Speech/Cops/Cop4_Warnings_106.rsm
Speech/Cops/Cop4_Warnings_123.rsm
Speech/Cops/Cop4_Warnings_115.rsm
Speech/Cops/Cop4_Warnings_107.rsm
Speech/Cops/Cop4_Warnings_124.rsm
Speech/Cops/Cop4_Warnings_116.rsm
Speech/Cops/Cop4_Warnings_108.rsm
Speech/Cops/Cop4_Warnings_125.rsm
Speech/Cops/Cop4_Warnings_117.rsm
Speech/Cops/Cop4_Warnings_109.rsm
Speech/Cops/Cop4_Warnings_126.rsm
Speech/Cops/Cop4_Warnings_118.rsm
Speech/Cops/Cop4_Warnings_127.rsm
Speech/Cops/Cop4_Warnings_119.rsm
Speech/Cops/Cop4_Warnings_128.rsm
Speech/Cops/Cop4_Warnings_129.rsm
Speech/Male_001.rsm
Speech/Male_010.rsm
Speech/Male_002.rsm
Speech/Male_011.rsm
Speech/Male_003.rsm
Speech/Male_020.rsm
Speech/Male_012.rsm
Speech/Male_004.rsm
Speech/Male_021.rsm
Speech/Male_013.rsm
Speech/Male_005.rsm
Speech/Male_030.rsm
Speech/Male_022.rsm
Speech/Male_014.rsm
Speech/Male_006.rsm
Speech/Male_031.rsm
Speech/Male_023.rsm
Speech/Male_015.rsm
Speech/Male_007.rsm
Speech/Male_040.rsm
Speech/Male_032.rsm
Speech/Male_024.rsm
Speech/Male_016.rsm
Speech/Male_008.rsm
Speech/Male_041.rsm
Speech/Male_033.rsm
Speech/Male_025.rsm
Speech/Male_017.rsm
Speech/Male_009.rsm
Speech/Male_042.rsm
Speech/Male_034.rsm
Speech/Male_026.rsm
Speech/Male_018.rsm
Speech/Male_043.rsm
Speech/Male_035.rsm
Speech/Male_027.rsm
Speech/Male_019.rsm
Speech/Male_044.rsm
Speech/Male_036.rsm
Speech/Male_028.rsm
Speech/Male_045.rsm
Speech/Male_037.rsm
Speech/Male_029.rsm
Speech/Male_046.rsm
Speech/Male_038.rsm
Speech/Male_047.rsm
Speech/Male_039.rsm
Speech/Male_048.rsm
Speech/Male_049.rsm
Speech/Mechanic/Tokyo/driving_BB_unlock.rsm
Speech/Mechanic/Tokyo/driving_AR_unlock.rsm
Speech/Mechanic/Tokyo/driving_LR_unlock.rsm
Speech/Mechanic/Tokyo/driving_OR_unlock.rsm
Speech/Narrator/49_Loses_ComeBackLater_1_B.rsm
Speech/Narrator/49_Loses_ComeBackLater_2_B.rsm
Speech/Narrator/49_Loses_ComeBackLater_3_B.rsm
Speech/Narrator/49_Loses_ComeBackLater_4_B.rsm
Speech/Narrator/49_Loses_ComeBackLater_5_B.rsm
Speech/Narrator/49_Loses_ComeBackLater_6_B.rsm
RaceStarters/racestart_copstart_Puffy_1.rsm
Speech/Narrator/7_Warn_Again_Venessa_1.rsm
Speech/Narrator/7_Warn_Again_Venessa_2.rsm
Speech/Narrator/7_Warn_Again_Venessa_3.rsm
Speech/Narrator/7_Warn_Again_Venessa_4.rsm
Speech/Narrator/7_Warn_Again_Venessa_5.rsm
Speech/Mechanic/Apone/Misc/Apone_Atlanta_to_Detroit.rsm
Music/Rock/Stereophonics_Brother.rsm
Music/Rock/Stereophonics_Doorman.rsm
Garage/sportbike.rsm
Speech/Mechanic/Tokyo/driving_BIO_unlock.rsm
Speech/Mechanic/Tokyo/driving_COA_unlock.rsm
Speech/Mechanic/Tokyo/driving_USR_unlock.rsm
Music/HipHop/PitbullFeat_DammitMan.rsm
Music/Dancehall/TwoCC_ThisAnuhRampin.rsm
RaceStarters/racestart_P_08L_Puffy_2C_1.rsm
RaceStarters/racestart_P_08L_Puffy_3C_1.rsm
RaceStarters/racestart_P_08L_Puffy_5C_1.rsm
RaceStarters/racestart_P_08L_Puffy_6C_1.rsm
RaceStarters/racestart_P_08L_Puffy_7C_1.rsm
RaceStarters/racestart_P_03_Simone_2C_1.rsm
RaceStarters/racestart_P_03_Simone_3C_1.rsm
RaceStarters/racestart_P_03_Simone_5C_1.rsm
RaceStarters/racestart_P_03_Simone_6C_1.rsm
RaceStarters/racestart_P_03_Simone_7C_1.rsm
RaceStarters/racestart_copstart_Adm_02_1.rsm
Speech/Narrator/18_Warn_Again_Carlos_1.rsm
Speech/Narrator/18_Warn_Again_Carlos_2.rsm
RaceStarters/racestart_P_04_L_Beth_03_1.rsm
RaceStarters/racestart_copstart_Sen_2C_1.rsm
RaceStarters/racestart_copstart_Sen_3C_1.rsm
RaceStarters/racestart_copstart_Sen_5C_1.rsm
RaceStarters/racestart_copstart_Sen_6C_1.rsm
RaceStarters/racestart_copstart_Sen_7C_1.rsm
Music/Techno/PlumpDJs_SoulVibrates.rsm
RaceStarters/racestart_P_09_Simone_2C_1.rsm
RaceStarters/racestart_P_09_Simone_3C_1.rsm
RaceStarters/racestart_P_09_Simone_5C_1.rsm
RaceStarters/racestart_P_09_Simone_6C_1.rsm
RaceStarters/racestart_P_09_Simone_7C_1.rsm
Speech/Mechanic/Tokyo/lose_taunt_vehicle_01.rsm
Speech/Mechanic/Tokyo/lose_taunt_vehicle_02.rsm
Speech/Mechanic/Tokyo/lose_taunt_vehicle_03.rsm
Speech/Mechanic/Tokyo/lose_taunt_vehicle_04.rsm
Speech/Mechanic/Apone/Encourage_Upgrade/Apone_encourage_upgrade_1.rsm
Speech/Mechanic/Apone/Encourage_Upgrade/Apone_encourage_upgrade_2.rsm
Speech/Mechanic/Apone/Encourage_Upgrade/Apone_encourage_upgrade_3.rsm
Speech/Mechanic/Apone/Encourage_Upgrade/Apone_encourage_upgrade_4.rsm
Speech/Mechanic/Apone/Encourage_Upgrade/Apone_encourage_upgrade_5.rsm
Speech/Mechanic/Apone/Encourage_Upgrade/Apone_encourage_upgrade_6.rsm
Speech/Mechanic/Apone/Encourage_Upgrade/Apone_encourage_upgrade_7.rsm
Speech/Mechanic/Apone/Encourage_Upgrade/Apone_encourage_upgrade_8.rsm
Speech/Mechanic/Apone/Encourage_Upgrade/Apone_encourage_upgrade_9.rsm
Music/Techno/SuburbanKnight_Nocturbulous.rsm
Speech/Mechanic/Oscar/Paint_Reminder/Oscar_paint_reminder_1.rsm
Speech/Mechanic/Oscar/Paint_Reminder/Oscar_paint_reminder_2.rsm
Speech/Mechanic/Oscar/Paint_Reminder/Oscar_paint_reminder_3.rsm
Speech/Mechanic/Oscar/Paint_Reminder/Oscar_paint_reminder_4.rsm
Speech/Mechanic/Tokyo/hints_01.rsm
Speech/Mechanic/Tokyo/hints_02.rsm
Speech/Mechanic/Tokyo/hints_03.rsm
Speech/Mechanic/Tokyo/hints_04.rsm
Music/Dancehall/UptightSS_RighteousDub.rsm
RaceStarters/racestart_TOK_13L_str00_01.rsm
RaceStarters/racestart_TOK_13R_str01_01.rsm
Music/Techno/SoulOfMan_FoxyMoron.rsm
Speech/Female_001.rsm
Speech/Female_010.rsm
Speech/Female_002.rsm
Speech/Female_011.rsm
Speech/Female_003.rsm
Speech/Female_020.rsm
Speech/Female_012.rsm
Speech/Female_004.rsm
Speech/Female_021.rsm
Speech/Female_013.rsm
Speech/Female_005.rsm
Speech/Female_022.rsm
Speech/Female_014.rsm
Speech/Female_006.rsm
Speech/Female_023.rsm
Speech/Female_015.rsm
Speech/Female_007.rsm
Speech/Female_024.rsm
Speech/Female_016.rsm
Speech/Female_008.rsm
Speech/Female_025.rsm
Speech/Female_017.rsm
Speech/Female_009.rsm
Speech/Female_026.rsm
Speech/Female_018.rsm
Speech/Female_027.rsm
Speech/Female_019.rsm
Speech/Narrator/21_Warn_Ceasar_1.rsm
Speech/Narrator/21_Warn_Ceasar_2.rsm
Speech/Narrator/21_Warn_Ceasar_3.rsm
Speech/Narrator/21_Warn_Ceasar_4.rsm
Speech/Narrator/21_Warn_Ceasar_5.rsm
Speech/Narrator/42_Filler_Info_1.rsm
Speech/Narrator/42_Filler_Info_2.rsm
Speech/Narrator/42_Filler_Info_3.rsm
Speech/Narrator/42_Filler_Info_4.rsm
Speech/Narrator/22_Warn_Kioshi_1.rsm
Speech/Narrator/22_Warn_Kioshi_2.rsm
Speech/Narrator/22_Warn_Kioshi_3.rsm
Speech/Narrator/22_Warn_Kioshi_4.rsm
Speech/Narrator/22_Warn_Kioshi_5.rsm
Speech/Narrator/60_Car_Movies_10.rsm
Speech/Narrator/60_Car_Movies_11.rsm
Speech/Narrator/60_Car_Movies_12.rsm
Speech/Narrator/60_Car_Movies_13.rsm
Speech/Narrator/60_Car_Movies_14.rsm
Speech/Narrator/60_Car_Movies_15.rsm
Speech/Mechanic/Oscar/Parts_Reminder/Oscar_parts_reminder_1.rsm
Speech/Mechanic/Oscar/Parts_Reminder/Oscar_parts_reminder_2.rsm
Speech/Mechanic/Oscar/Parts_Reminder/Oscar_parts_reminder_3.rsm
Speech/Mechanic/Oscar/Parts_Reminder/Oscar_parts_reminder_4.rsm
Speech/Mechanic/Oscar/Parts_Reminder/Oscar_parts_reminder_5.rsm
Speech/Narrator/17_Warn_Lamont_1.rsm
Speech/Narrator/17_Warn_Lamont_2.rsm
Speech/Narrator/17_Warn_Lamont_3.rsm
Speech/Narrator/17_Warn_Lamont_4.rsm
Speech/Narrator/17_Warn_Lamont_5.rsm
Speech/Mechanic/Oscar/Nice_Car/Oscar_nice_car_10.rsm
Speech/Mechanic/Oscar/Nice_Car/Oscar_nice_car_11.rsm
Speech/Mechanic/Oscar/Nice_Car/Oscar_nice_car_12.rsm
Speech/Mechanic/Oscar/Nice_Car/Oscar_nice_car_13.rsm
Speech/Mechanic/Oscar/Nice_Car/Oscar_nice_car_14.rsm
Speech/Narrator/19_Warn_Spider_1.rsm
Speech/Narrator/19_Warn_Spider_2.rsm
Speech/Narrator/19_Warn_Spider_3.rsm
Speech/Narrator/19_Warn_Spider_4.rsm
Speech/Narrator/19_Warn_Spider_5.rsm
Speech/Narrator/52_Loses_GoUpgrade_1_B.rsm
Speech/Narrator/52_Loses_GoUpgrade_2_B.rsm
Speech/Narrator/52_Loses_GoUpgrade_3_B.rsm
Speech/Narrator/52_Loses_GoUpgrade_4_B.rsm
Speech/Mechanic/Vince/Player_Loses/Vince_player_loses_1.rsm
Speech/Mechanic/Vince/Player_Loses/Vince_player_loses_2.rsm
Speech/Mechanic/Vince/Player_Loses/Vince_player_loses_3.rsm
Speech/Mechanic/Vince/Player_Loses/Vince_player_loses_4.rsm
Speech/Mechanic/Vince/Player_Loses/Vince_player_loses_5.rsm
Speech/Mechanic/Vince/Player_Loses/Vince_player_loses_6.rsm
Speech/Mechanic/Vince/Player_Loses/Vince_player_loses_7.rsm
Speech/Mechanic/Vince/Player_Loses/Vince_player_loses_8.rsm
Speech/Mechanic/Vince/Player_Loses/Vince_player_loses_9.rsm
Speech/Narrator/45_Rush_Info_1_B.rsm
Speech/Narrator/45_Rush_Info_2_B.rsm
Speech/Narrator/45_Rush_Info_3_B.rsm
Speech/Narrator/45_Rush_Info_4_B.rsm
Speech/Narrator/45_Rush_Info_5_B.rsm
Speech/Narrator/45_Rush_Info_6_B.rsm
Speech/Narrator/38_No_Upgrades_1.rsm
Speech/Narrator/38_No_Upgrades_2.rsm
Speech/Narrator/38_No_Upgrades_3.rsm
Speech/Narrator/38_No_Upgrades_4.rsm
Speech/Narrator/38_No_Upgrades_5.rsm
Speech/Narrator/31_Compliment_Chopper_1.rsm
Speech/Narrator/31_Compliment_Chopper_2.rsm
Speech/Narrator/31_Compliment_Chopper_3.rsm
Music/Techno/DrumatticTwins_Twister.rsm
Music/Rock/NineBlackAlps_NotEveryone.rsm
Music/Rock/TheExplosion_NoRevolution.rsm
Speech/Narrator/N_reinforce_spec_abilitlities.rsm
RaceStarters/racestart_10_sara_1.rsm
RaceStarters/racestart_09_Nina_1.rsm
RaceStarters/racestart_P_06_CB_1.rsm
RaceStarters/racestart_copstart_Adam_2C_1.rsm
RaceStarters/racestart_copstart_Adam_3C_1.rsm
RaceStarters/racestart_copstart_Adam_5C_1.rsm
RaceStarters/racestart_copstart_Adam_6C_1.rsm
RaceStarters/racestart_copstart_Adam_7C_1.rsm
Speech/Mechanic/Apone/Encourage_Upgrade/Apone_encourage_upgrade_10.rsm
Speech/Mechanic/Apone/Encourage_Upgrade/Apone_encourage_upgrade_11.rsm
Speech/Narrator/7_Warn_Again_Venessa_1_B.rsm
Speech/Narrator/7_Warn_Again_Venessa_2_B.rsm
Speech/Narrator/6_Warn_Venessa_1.rsm
Speech/Narrator/6_Warn_Venessa_2.rsm
Speech/Narrator/6_Warn_Venessa_3.rsm
Speech/Narrator/6_Warn_Venessa_4.rsm
Speech/Narrator/6_Warn_Venessa_5.rsm
Garage/performance.rsm
Speech/Narrator/42_Circuit_Info_1.rsm
Speech/Narrator/42_Circuit_Info_2.rsm
Speech/Narrator/42_Circuit_Info_3.rsm
Speech/Narrator/42_Circuit_Info_4.rsm
Speech/Mechanic/Tokyo/driving_class_unlock.rsm
Speech/Mechanic/Oscar/Cash_Reminder/Oscar_cash_reminder_1.rsm
Speech/Mechanic/Oscar/Cash_Reminder/Oscar_cash_reminder_2.rsm
Speech/Mechanic/Oscar/Cash_Reminder/Oscar_cash_reminder_3.rsm
Speech/Mechanic/Oscar/Cash_Reminder/Oscar_cash_reminder_4.rsm
Speech/Mechanic/Oscar/Cash_Reminder/Oscar_cash_reminder_5.rsm
Music/Drum_N_Bass/Logistics_ReleasePressure.rsm
Speech/Narrator/60_Car_Movies_1_B.rsm
Speech/Narrator/60_Car_Movies_2_B.rsm
Speech/Narrator/60_Car_Movies_3_B.rsm
Speech/Narrator/60_Car_Movies_4_B.rsm
Speech/Narrator/60_Car_Movies_5_B.rsm
Speech/Narrator/60_Car_Movies_6_B.rsm
Speech/Narrator/60_Car_Movies_7_B.rsm
Speech/Narrator/60_Car_Movies_8_B.rsm
Speech/Narrator/60_Car_Movies_9_B.rsm
Speech/Narrator/15_Warn_Cheng_1_B.rsm
Speech/Narrator/15_Warn_Cheng_2_B.rsm
Speech/Mechanic/Apone/Car_Diss/Apone_car_diss_10.rsm
Speech/Mechanic/Apone/Car_Diss/Apone_car_diss_11.rsm
Speech/Mechanic/Apone/Car_Diss/Apone_car_diss_12.rsm
Speech/Mechanic/Apone/Car_Diss/Apone_car_diss_13.rsm
Speech/Mechanic/Apone/Car_Diss/Apone_car_diss_14.rsm
Speech/Mechanic/Apone/Car_Diss/Apone_car_diss_15.rsm
Speech/Mechanic/Apone/Car_Diss/Apone_car_diss_16.rsm
Speech/Narrator/24_Warn_Angel_1_B.rsm
Speech/Narrator/24_Warn_Angel_2_B.rsm
Speech/Narrator/16_Warn_Naomi_1_B.rsm
Speech/Narrator/16_Warn_Naomi_2_B.rsm
Speech/Narrator/N_positive_comments_1_B.rsm
Speech/Narrator/N_positive_comments_2_B.rsm
Speech/Narrator/N_positive_comments_3_B.rsm
Speech/Narrator/43_Ordered_Info_1.rsm
Speech/Narrator/43_Ordered_Info_2.rsm
Speech/Narrator/43_Ordered_Info_3.rsm
Speech/Narrator/29_Diss_Upgrade_1.rsm
Speech/Narrator/29_Diss_Upgrade_2.rsm
Speech/Narrator/29_Diss_Upgrade_3.rsm
Speech/Narrator/29_Diss_Upgrade_4.rsm
Speech/Narrator/29_Diss_Upgrade_5.rsm
Speech/Narrator/29_Diss_Upgrade_6.rsm
Speech/Narrator/29_Diss_Upgrade_7.rsm
Speech/Narrator/29_Diss_Upgrade_8.rsm
Speech/Narrator/29_Diss_Upgrade_9.rsm
Speech/Narrator/46_congratulate_1.rsm
Speech/Narrator/46_congratulate_2.rsm
Speech/Narrator/46_congratulate_3.rsm
Speech/Narrator/46_congratulate_4.rsm
Speech/Narrator/46_congratulate_5.rsm
Speech/Narrator/46_congratulate_6.rsm
Speech/Narrator/46_congratulate_7.rsm
Speech/Narrator/46_congratulate_8.rsm
Speech/Narrator/46_congratulate_9.rsm
Speech/Narrator/51_Loses_Taunts_1.rsm
Speech/Narrator/51_Loses_Taunts_2.rsm
Speech/Narrator/51_Loses_Taunts_3.rsm
Speech/Narrator/51_Loses_Taunts_4.rsm
Speech/Narrator/51_Loses_Taunts_5.rsm
Speech/Narrator/51_Loses_Taunts_6.rsm
Speech/Narrator/51_Loses_Taunts_7.rsm
Speech/Narrator/51_Loses_Taunts_8.rsm
Speech/Narrator/51_Loses_Taunts_9.rsm
Speech/Narrator/26_Warn_General_1.rsm
Speech/Narrator/26_Warn_General_2.rsm
Speech/Narrator/26_Warn_General_3.rsm
Speech/Narrator/26_Warn_General_4.rsm
Speech/Narrator/26_Warn_General_5.rsm
Speech/Narrator/53_SideRace_Win_1.rsm
Speech/Narrator/53_SideRace_Win_2.rsm
Speech/Narrator/53_SideRace_Win_3.rsm
Speech/Narrator/53_SideRace_Win_4.rsm
Music/Rock/HundredReasons_Stories.rsm
Speech/Narrator/N_escalade_ext_B.rsm
Speech/Narrator/56_Nav_Reminder_1.rsm
Speech/Narrator/56_Nav_Reminder_2.rsm
Speech/Mechanic/Vince/Player_Loses/Vince_player_loses_10.rsm
Speech/Mechanic/Vince/Player_Loses/Vince_player_loses_11.rsm
Speech/Mechanic/Vince/Player_Loses/Vince_player_loses_20.rsm
Speech/Mechanic/Vince/Player_Loses/Vince_player_loses_12.rsm
Speech/Mechanic/Vince/Player_Loses/Vince_player_loses_21.rsm
Speech/Mechanic/Vince/Player_Loses/Vince_player_loses_13.rsm
Speech/Mechanic/Vince/Player_Loses/Vince_player_loses_22.rsm
Speech/Mechanic/Vince/Player_Loses/Vince_player_loses_14.rsm
Speech/Mechanic/Vince/Player_Loses/Vince_player_loses_23.rsm
Speech/Mechanic/Vince/Player_Loses/Vince_player_loses_15.rsm
Speech/Mechanic/Vince/Player_Loses/Vince_player_loses_24.rsm
Speech/Mechanic/Vince/Player_Loses/Vince_player_loses_16.rsm
Speech/Mechanic/Vince/Player_Loses/Vince_player_loses_25.rsm
Speech/Mechanic/Vince/Player_Loses/Vince_player_loses_17.rsm
Speech/Mechanic/Vince/Player_Loses/Vince_player_loses_18.rsm
Speech/Mechanic/Vince/Player_Loses/Vince_player_loses_19.rsm
Speech/Narrator/N_merc_amg_g55_B.rsm
Speech/Narrator/47_Warn_Cocky_1_B.rsm
Speech/Narrator/47_Warn_Cocky_2_B.rsm
Speech/Narrator/47_Warn_Cocky_3_B.rsm
Speech/Narrator/47_Warn_Cocky_5_B.rsm
Speech/Narrator/47_Warn_Cocky_6_B.rsm
Speech/Narrator/33_Compliment_Bike_1.rsm
Speech/Narrator/33_Compliment_Bike_2.rsm
Speech/Narrator/33_Compliment_Bike_3.rsm
Speech/Mechanic/Oscar/Upgrade_Reminder/Oscar_upgrade_reminder_1.rsm
Speech/Mechanic/Oscar/Upgrade_Reminder/Oscar_upgrade_reminder_2.rsm
Speech/Mechanic/Oscar/Upgrade_Reminder/Oscar_upgrade_reminder_3.rsm
Speech/Mechanic/Oscar/Upgrade_Reminder/Oscar_upgrade_reminder_4.rsm
Speech/Mechanic/Oscar/Upgrade_Reminder/Oscar_upgrade_reminder_5.rsm
Speech/Mechanic/Oscar/Upgrade_Reminder/Oscar_upgrade_reminder_6.rsm
Speech/Narrator/14_Warn_Again_Vito_1.rsm
Speech/Narrator/14_Warn_Again_Vito_2.rsm
Speech/Narrator/14_Warn_Again_Vito_3.rsm
Speech/Narrator/14_Warn_Again_Vito_4.rsm
Speech/Narrator/14_Warn_Again_Vito_5.rsm
RaceStarters/racestart_13R_Sara_1.rsm
RaceStarters/racestart_P_03_Sen_1.rsm
Music/HipHop/50Cent_HowWeDo.rsm
RaceStarters/racestart_P_04L_Beth_03_2C_1.rsm
RaceStarters/racestart_P_04L_Beth_03_3C_1.rsm
RaceStarters/racestart_P_04L_Beth_03_5C_1.rsm
RaceStarters/racestart_P_04L_Beth_03_6C_1.rsm
RaceStarters/racestart_P_04L_Beth_03_7C_1.rsm
RaceStarters/racestart_P_05L_LaTonya_2C_1.rsm
RaceStarters/racestart_P_05L_LaTonya_3C_1.rsm
RaceStarters/racestart_P_05L_LaTonya_5C_1.rsm
RaceStarters/racestart_P_05L_LaTonya_6C_1.rsm
RaceStarters/racestart_P_05L_LaTonya_7C_1.rsm
Music/Win_Lose/loose1.rsm
Music/Win_Lose/loose3.rsm
Speech/Narrator/37_Taunts_General_10_B.rsm
Speech/Narrator/37_Taunts_General_11_B.rsm
Speech/Narrator/37_Taunts_General_12_B.rsm
Speech/Narrator/37_Taunts_General_13_B.rsm
Speech/Narrator/37_Taunts_General_14_B.rsm
RaceStarters/racestart_P_07L_Sara_02_2C_1.rsm
RaceStarters/racestart_P_07L_Sara_02_3C_1.rsm
RaceStarters/racestart_P_07L_Sara_02_5C_1.rsm
RaceStarters/racestart_P_07L_Sara_02_6C_1.rsm
RaceStarters/racestart_P_07L_Sara_02_7C_1.rsm
RaceStarters/racestart_P_07L_Tara_02_2C_1.rsm
RaceStarters/racestart_P_07L_Tara_02_3C_1.rsm
RaceStarters/racestart_P_07L_Tara_02_5C_1.rsm
RaceStarters/racestart_P_07L_Tara_02_6C_1.rsm
RaceStarters/racestart_P_07L_Tara_02_7C_1.rsm
Music/HipHop/BigTymers_Roll.rsm
Music/HipHop/BumpJ_OnTheRun.rsm
RaceStarters/racestart_copstart_Puffy_2C_1.rsm
RaceStarters/racestart_copstart_Puffy_3C_1.rsm
RaceStarters/racestart_copstart_Puffy_5C_1.rsm
RaceStarters/racestart_copstart_Puffy_6C_1.rsm
RaceStarters/racestart_copstart_Puffy_7C_1.rsm
Music/HipHop/MFresh_RealBig.rsm
Music/HipHop/TheGame_Higher.rsm
Speech/Narrator/32_Compliment_Sedan_1_B.rsm
Speech/Narrator/32_Compliment_Sedan_2_B.rsm
Speech/Narrator/32_Compliment_Sedan_3_B.rsm
Music/Drum_N_Bass/OmniTrio_RenegadeSnares.rsm
Music/HipHop/TI_UDontKnowMe.rsm
Music/HipHop/Twista_Likea24.rsm
RaceStarters/racestart_13L_Puffy_2C_1.rsm
RaceStarters/racestart_13L_Puffy_3C_1.rsm
RaceStarters/racestart_13L_Puffy_5C_1.rsm
RaceStarters/racestart_13L_Puffy_6C_1.rsm
RaceStarters/racestart_13L_Puffy_7C_1.rsm
Music/Instrumental/RHK_DeckFabo.rsm
RaceStarters/racestart_09_Simone_2C_1.rsm
RaceStarters/racestart_09_Simone_3C_1.rsm
RaceStarters/racestart_09_Simone_5C_1.rsm
RaceStarters/racestart_09_Simone_6C_1.rsm
RaceStarters/racestart_09_Simone_7C_1.rsm
Speech/Mechanic/Apone/Nice_Car/Apone_nice_car_1.rsm
Speech/Mechanic/Apone/Nice_Car/Apone_nice_car_2.rsm
Speech/Mechanic/Apone/Nice_Car/Apone_nice_car_3.rsm
Speech/Mechanic/Apone/Nice_Car/Apone_nice_car_4.rsm
Speech/Mechanic/Apone/Nice_Car/Apone_nice_car_5.rsm
Speech/Mechanic/Apone/Nice_Car/Apone_nice_car_6.rsm
Speech/Mechanic/Apone/Nice_Car/Apone_nice_car_7.rsm
Speech/Mechanic/Apone/Nice_Car/Apone_nice_car_8.rsm
Speech/Mechanic/Apone/Nice_Car/Apone_nice_car_9.rsm
Speech/Narrator/40_Tournament_Info_1.rsm
Speech/Narrator/40_Tournament_Info_2.rsm
Speech/Narrator/40_Tournament_Info_3.rsm
Speech/Narrator/40_Tournament_Info_4.rsm
Speech/DX_Ped_MCR/MaryAnnPed_01.rsm
Speech/DX_Ped_MCR/MaryAnnPed_10.rsm
Speech/DX_Ped_MCR/MaryAnnPed_02.rsm
Speech/DX_Ped_MCR/MaryAnnPed_11.rsm
Speech/DX_Ped_MCR/MaryAnnPed_03.rsm
Speech/DX_Ped_MCR/MaryAnnPed_04.rsm
Speech/DX_Ped_MCR/MaryAnnPed_21.rsm
Speech/DX_Ped_MCR/MaryAnnPed_05.rsm
Speech/DX_Ped_MCR/MaryAnnPed_22.rsm
Speech/DX_Ped_MCR/MaryAnnPed_14.rsm
Speech/DX_Ped_MCR/MaryAnnPed_06.rsm
Speech/DX_Ped_MCR/MaryAnnPed_23.rsm
Speech/DX_Ped_MCR/MaryAnnPed_15.rsm
Speech/DX_Ped_MCR/MaryAnnPed_07.rsm
Speech/DX_Ped_MCR/MaryAnnPed_24.rsm
Speech/DX_Ped_MCR/MaryAnnPed_16.rsm
Speech/DX_Ped_MCR/MaryAnnPed_17.rsm
Speech/DX_Ped_MCR/MaryAnnPed_18.rsm
Speech/DX_Ped_MCR/MaryAnnPed_19.rsm
Speech/Mechanic/Apone/After_Upgrade/Apone_after_upgrade_10.rsm
Speech/Mechanic/Apone/After_Upgrade/Apone_after_upgrade_11.rsm
Speech/Mechanic/Apone/After_Upgrade/Apone_after_upgrade_12.rsm
Speech/Mechanic/Apone/After_Upgrade/Apone_after_upgrade_13.rsm
Speech/Mechanic/Apone/After_Upgrade/Apone_after_upgrade_14.rsm
Speech/Mechanic/Apone/After_Upgrade/Apone_after_upgrade_15.rsm
Speech/Mechanic/Apone/After_Upgrade/Apone_after_upgrade_16.rsm
Speech/Narrator/29_Diss_Upgrade_10_B.rsm
Speech/Narrator/29_Diss_Upgrade_11_B.rsm
Speech/Narrator/4_DUB_Tourn_unlocked_1.rsm
Speech/Narrator/4_DUB_Tourn_unlocked_2.rsm
Speech/Narrator/4_DUB_Tourn_unlocked_3.rsm
Speech/Narrator/4_DUB_Tourn_unlocked_4.rsm
Speech/Narrator/46_congratulate_10_B.rsm
Speech/Narrator/46_congratulate_11_B.rsm
Speech/Narrator/46_congratulate_12_B.rsm
Speech/Narrator/46_congratulate_13_B.rsm
Speech/Narrator/46_congratulate_14_B.rsm
Speech/Narrator/46_congratulate_15_B.rsm
Speech/Narrator/46_congratulate_16_B.rsm
Speech/Narrator/46_congratulate_17_B.rsm
Speech/Narrator/51_Loses_Taunts_10_B.rsm
Speech/Narrator/51_Loses_Taunts_11_B.rsm
Speech/Narrator/51_Loses_Taunts_12_B.rsm
Speech/Narrator/8_Warn_Bishop_1_B.rsm
Speech/Narrator/8_Warn_Bishop_2_B.rsm
Speech/Narrator/8_Warn_Bishop_3_B.rsm
RaceStarters/racestart_copstart_Sen_1.rsm
Speech/Narrator/9_Warn_Carlos_1_B.rsm
Speech/Narrator/9_Warn_Carlos_2_B.rsm
Speech/Narrator/9_Warn_Carlos_3_B.rsm
Music/HipHop/RoyJonesJr_BodyHeadAnthem.rsm
RaceStarters/racestart_P_01_Adam_2C_1.rsm
RaceStarters/racestart_P_01_Adam_3C_1.rsm
RaceStarters/racestart_P_01_Adam_5C_1.rsm
RaceStarters/racestart_P_01_Adam_6C_1.rsm
RaceStarters/racestart_P_01_Adam_7C_1.rsm
RaceStarters/racestart_P_02_Tara_2C_1.rsm
RaceStarters/racestart_P_02_Tara_3C_1.rsm
RaceStarters/racestart_P_02_Tara_5C_1.rsm
RaceStarters/racestart_P_02_Tara_6C_1.rsm
RaceStarters/racestart_P_02_Tara_7C_1.rsm
RaceStarters/racestart_P_06_Hood_2C_1.rsm
RaceStarters/racestart_P_06_Hood_3C_1.rsm
Speech/Narrator/52_Loses_GoUpgrade_1.rsm
Speech/Narrator/52_Loses_GoUpgrade_2.rsm
Speech/Narrator/52_Loses_GoUpgrade_3.rsm
Speech/Narrator/52_Loses_GoUpgrade_4.rsm
Speech/Narrator/55_Club_Presence_1_B.rsm
Speech/Narrator/55_Club_Presence_2_B.rsm
Speech/Narrator/55_Club_Presence_3_B.rsm
Speech/Narrator/55_Club_Presence_4_B.rsm
Speech/Narrator/55_Club_Presence_5_B.rsm
Speech/Narrator/55_Club_Presence_6_B.rsm
Speech/Narrator/55_Club_Presence_7_B.rsm
Ambiences/A_DT_001l.rsm
Ambiences/A_DT_001m.rsm
Ambiences/A_DT_010l.rsm
Ambiences/A_DT_001n.rsm
Ambiences/A_DT_010m.rsm
Ambiences/A_DT_001o.rsm
Ambiences/A_DT_011l.rsm
Ambiences/A_DT_010n.rsm
Ambiences/A_DT_011m.rsm
Ambiences/A_DT_010o.rsm
Ambiences/A_DT_011n.rsm
Ambiences/A_DT_004l.rsm
Ambiences/A_DT_011o.rsm
Ambiences/A_DT_004m.rsm
Ambiences/A_DT_013l.rsm
Ambiences/A_DT_004n.rsm
Ambiences/A_DT_013m.rsm
Ambiences/A_DT_013n.rsm
Ambiences/A_DT_013o.rsm
Ambiences/A_DT_007l.rsm
Ambiences/A_DT_007m.rsm
Ambiences/A_DT_007n.rsm
Ambiences/A_DT_007o.rsm
Ambiences/A_SD_003a.rsm
Ambiences/A_SD_003b.rsm
Ambiences/A_SD_020a.rsm
Ambiences/A_SD_012a.rsm
Ambiences/A_SD_004a.rsm
Ambiences/A_SD_003c.rsm
Ambiences/A_SD_020b.rsm
Ambiences/A_SD_012b.rsm
Ambiences/A_SD_004b.rsm
Ambiences/A_SD_003d.rsm
Ambiences/A_SD_012c.rsm
Ambiences/A_SD_004c.rsm
Ambiences/A_SD_004d.rsm
Ambiences/A_SD_004e.rsm
Ambiences/A_SD_007a.rsm
Ambiences/A_SD_007b.rsm
Ambiences/A_SD_016a.rsm
Ambiences/A_SD_008a.rsm
Ambiences/A_SD_016b.rsm
Ambiences/A_SD_008b.rsm
Ambiences/A_SD_003l.rsm
Ambiences/A_SD_017a.rsm
Ambiences/A_SD_016c.rsm
Ambiences/A_SD_009a.rsm
Ambiences/A_SD_003m.rsm
Ambiences/A_SD_017b.rsm
Ambiences/A_SD_016d.rsm
Ambiences/A_SD_009b.rsm
Ambiences/A_SD_003n.rsm
Ambiences/A_SD_018a.rsm
Ambiences/A_SD_017c.rsm
Ambiences/A_SD_009c.rsm
Ambiences/A_SD_003o.rsm
Ambiences/A_SD_018b.rsm
Ambiences/A_SD_017d.rsm
Ambiences/A_SD_009d.rsm
Ambiences/A_SD_018c.rsm
Ambiences/A_SD_016l.rsm
Ambiences/A_SD_008l.rsm
Ambiences/A_SD_016m.rsm
Ambiences/A_SD_008m.rsm
Ambiences/A_SD_016n.rsm
Ambiences/A_SD_008n.rsm
Ambiences/A_SD_016o.rsm
Ambiences/A_SD_008o.rsm
Speech/Mechanic/Vince/Car_Diss/Vince_car_diss_10.rsm
Speech/Mechanic/Vince/Car_Diss/Vince_car_diss_11.rsm
Music/Instrumental/SuperNatural_Victory.rsm
Speech/Mechanic/Vince/Paint_Reminder/Vince_paint_reminder_1.rsm
Speech/Mechanic/Vince/Paint_Reminder/Vince_paint_reminder_2.rsm
Engine_Revs/Chopper.rsm
Speech/Mechanic/Oscar/After_Upgrade/Oscar_after_upgrade_1.rsm
Speech/Mechanic/Oscar/After_Upgrade/Oscar_after_upgrade_2.rsm
Speech/Mechanic/Oscar/After_Upgrade/Oscar_after_upgrade_3.rsm
Speech/Mechanic/Oscar/After_Upgrade/Oscar_after_upgrade_4.rsm
Speech/Mechanic/Oscar/After_Upgrade/Oscar_after_upgrade_5.rsm
Speech/Mechanic/Oscar/After_Upgrade/Oscar_after_upgrade_6.rsm
Speech/Mechanic/Oscar/After_Upgrade/Oscar_after_upgrade_7.rsm
Speech/Mechanic/Oscar/After_Upgrade/Oscar_after_upgrade_8.rsm
Speech/Mechanic/Oscar/After_Upgrade/Oscar_after_upgrade_9.rsm
Speech/Narrator/21_Warn_Ceasar_1_B.rsm
Speech/Mechanic/Vince/Encourage_Upgrade/Vince_encourage_upgrade_1.rsm
Speech/Mechanic/Vince/Encourage_Upgrade/Vince_encourage_upgrade_2.rsm
Speech/Mechanic/Vince/Encourage_Upgrade/Vince_encourage_upgrade_3.rsm
Speech/Mechanic/Vince/Encourage_Upgrade/Vince_encourage_upgrade_4.rsm
Speech/Mechanic/Vince/Encourage_Upgrade/Vince_encourage_upgrade_5.rsm
Speech/Mechanic/Vince/Encourage_Upgrade/Vince_encourage_upgrade_6.rsm
Speech/Mechanic/Vince/Encourage_Upgrade/Vince_encourage_upgrade_7.rsm
Speech/Mechanic/Vince/Encourage_Upgrade/Vince_encourage_upgrade_8.rsm
Speech/Narrator/42_Filler_Info_1_B.rsm
Speech/Narrator/42_Filler_Info_2_B.rsm
Speech/Narrator/42_Filler_Info_3_B.rsm
Speech/Narrator/42_Filler_Info_4_B.rsm
Speech/Narrator/54_SideRace_Lose_1_B.rsm
Speech/Narrator/54_SideRace_Lose_2_B.rsm
Speech/Narrator/54_SideRace_Lose_3_B.rsm
Speech/Narrator/35_Compliment_Muscle_1_B.rsm
Speech/Narrator/35_Compliment_Muscle_2_B.rsm
Speech/Narrator/35_Compliment_Muscle_3_B.rsm
Speech/Narrator/22_Warn_Kioshi_1_B.rsm
Speech/Narrator/22_Warn_Kioshi_2_B.rsm
Music/Drum_N_Bass/FutureProph_FinalFantasy.rsm
Music/Techno/Underground_JupiterJazz.rsm
Speech/Narrator/60_Car_Movies_10_B.rsm
Speech/Narrator/60_Car_Movies_14_B.rsm
Speech/Narrator/60_Car_Movies_15_B.rsm
Music/Win_Lose/win1.rsm
Music/Win_Lose/win2.rsm
Music/Win_Lose/win3.rsm
Music/Win_Lose/win4.rsm
Speech/Narrator/37_Taunts_General_10.rsm
Speech/Narrator/37_Taunts_General_11.rsm
Speech/Narrator/37_Taunts_General_12.rsm
Speech/Narrator/37_Taunts_General_13.rsm
Speech/Narrator/37_Taunts_General_14.rsm
Speech/Mechanic/Vince/Parts_Reminder/Vince_parts_reminder_1.rsm
Speech/Mechanic/Vince/Parts_Reminder/Vince_parts_reminder_2.rsm
Speech/Mechanic/Vince/Parts_Reminder/Vince_parts_reminder_3.rsm
Speech/Mechanic/Vince/Parts_Reminder/Vince_parts_reminder_4.rsm
Music/HipHop/BabyShyne_On.rsm
Music/HipHop/BigTymers_Up.rsm
Speech/Mechanic/Vince/Nice_Car/Vince_nice_car_1.rsm
Speech/Mechanic/Vince/Nice_Car/Vince_nice_car_2.rsm
Speech/Mechanic/Vince/Nice_Car/Vince_nice_car_3.rsm
Speech/Mechanic/Vince/Nice_Car/Vince_nice_car_4.rsm
Speech/Mechanic/Vince/Nice_Car/Vince_nice_car_5.rsm
Speech/Mechanic/Vince/Nice_Car/Vince_nice_car_6.rsm
Speech/Mechanic/Vince/Nice_Car/Vince_nice_car_7.rsm
Speech/Mechanic/Vince/Nice_Car/Vince_nice_car_8.rsm
Speech/Mechanic/Vince/Nice_Car/Vince_nice_car_9.rsm
Speech/Narrator/32_Compliment_Sedan_1.rsm
Speech/Narrator/32_Compliment_Sedan_2.rsm
Speech/Narrator/32_Compliment_Sedan_3.rsm
Engine_Revs/Super_Car1.rsm
Engine_Revs/Super_Car2.rsm
Speech/Narrator/17_Warn_Lamont_1_B.rsm
Speech/Narrator/17_Warn_Lamont_2_B.rsm
RaceStarters/racestart_TOK_P_04L_str01_01.rsm
RaceStarters/racestart_TOK_P_05L_str00_01.rsm
RaceStarters/racestart_TOK_P_05L_str01_01.rsm
Speech/Narrator/29_Diss_Upgrade_10.rsm
Speech/Narrator/29_Diss_Upgrade_11.rsm
RaceStarters/racestart_TOK_P_07L_str02_01.rsm
RaceStarters/racestart_TOK_P_08L_str02_01.rsm
Speech/Narrator/46_congratulate_10.rsm
Speech/Narrator/46_congratulate_11.rsm
Speech/Narrator/46_congratulate_12.rsm
Speech/Narrator/46_congratulate_13.rsm
Speech/Narrator/46_congratulate_14.rsm
Speech/Narrator/46_congratulate_15.rsm
Speech/Narrator/46_congratulate_16.rsm
Speech/Narrator/46_congratulate_17.rsm
Speech/Narrator/51_Loses_Taunts_10.rsm
Speech/Narrator/51_Loses_Taunts_11.rsm
Speech/Narrator/51_Loses_Taunts_12.rsm
Speech/Narrator/55_Club_Presence_1.rsm
Speech/Narrator/55_Club_Presence_2.rsm
Speech/Narrator/55_Club_Presence_3.rsm
Speech/Narrator/55_Club_Presence_4.rsm
Speech/Narrator/55_Club_Presence_5.rsm
Speech/Narrator/55_Club_Presence_6.rsm
Speech/Narrator/55_Club_Presence_7.rsm
Speech/Narrator/19_Warn_Spider_1_B.rsm
Speech/Narrator/19_Warn_Spider_2_B.rsm
Music/HipHop/TrickDaddy_JumpOnIt.rsm
Speech/Narrator/54_SideRace_Lose_1.rsm
Speech/Narrator/54_SideRace_Lose_2.rsm
Speech/Narrator/54_SideRace_Lose_3.rsm
Speech/Mechanic/Vince/Misc/Vince_Detroit_to_SanDiego.rsm
Speech/Narrator/38_No_Upgrades_1_B.rsm
Speech/Narrator/38_No_Upgrades_2_B.rsm
Speech/Narrator/38_No_Upgrades_3_B.rsm
Speech/Narrator/38_No_Upgrades_4_B.rsm
Speech/Narrator/38_No_Upgrades_5_B.rsm
Speech/DX_Cop_MCR/CopKenji_129_Extra.rsm
Speech/Narrator/N_hotmatch_skully.rsm
Music/Drum_N_Bass/Calyx_JustYou.rsm
Speech/Narrator/33_Compliment_SUV_1_B.rsm
Speech/Narrator/33_Compliment_SUV_2_B.rsm
Speech/Narrator/33_Compliment_SUV_3_B.rsm
Speech/Narrator/58_Cruise_Reminder_1.rsm
Speech/Narrator/58_Cruise_Reminder_2.rsm
Speech/Mechanic/Oscar/Encourage_Upgrade/Oscar_encourage_upgrade_10.rsm
Speech/Mechanic/Oscar/Encourage_Upgrade/Oscar_encourage_upgrade_11.rsm
Speech/Narrator/31_Compliment_Chopper_1_B.rsm
Speech/Narrator/31_Compliment_Chopper_2_B.rsm
Speech/Narrator/31_Compliment_Chopper_3_B.rsm
Speech/Narrator/N_hotmatch_skully_B.rsm
Music/Drum_N_Bass/Noisa_Believe.rsm
Speech/Narrator/23_Warn_Again_Ceasar_1_B.rsm
Speech/Narrator/23_Warn_Again_Ceasar_2_B.rsm
Speech/Mechanic/Vince/Upgrade_Reminder/Vince_upgrade_reminder_1.rsm
Speech/Mechanic/Vince/Upgrade_Reminder/Vince_upgrade_reminder_2.rsm
Speech/Mechanic/Vince/Upgrade_Reminder/Vince_upgrade_reminder_3.rsm
Speech/Mechanic/Vince/Upgrade_Reminder/Vince_upgrade_reminder_4.rsm
Speech/Mechanic/Vince/Upgrade_Reminder/Vince_upgrade_reminder_5.rsm
Speech/Mechanic/Vince/Upgrade_Reminder/Vince_upgrade_reminder_6.rsm
Speech/Narrator/13_Warn_Again_Roy_1_B.rsm
Speech/Narrator/13_Warn_Again_Roy_2_B.rsm
Music/Rock/Peaches_KickIt.rsm
Music/Dancehall/BeenieMan_Dude.rsm
Music/Dancehall/Damian_HeyGirl.rsm
Music/Drum_N_Bass/Calyx_Illusions.rsm
Music/Drum_N_Bass/Calyx_TheLeader.rsm
Speech/Narrator/41_AutoCross_Info_1_B.rsm
Speech/Narrator/41_AutoCross_Info_2_B.rsm
Speech/Narrator/41_AutoCross_Info_3_B.rsm
Music/Dancehall/SmithMightyBLineFiBlow.rsm
Speech/Narrator/58_Cruise_Reminder_1_B.rsm
Speech/Narrator/58_Cruise_Reminder_2_B.rsm
Speech/Narrator/48_Loses_Keep_Racing_1.rsm
Speech/Narrator/48_Loses_Keep_Racing_2.rsm
Speech/Narrator/48_Loses_Keep_Racing_3.rsm
Speech/Narrator/48_Loses_Keep_Racing_4.rsm
Speech/Narrator/48_Loses_Keep_Racing_5.rsm
Speech/Narrator/48_Loses_Keep_Racing_6.rsm
Music/Drum_N_Bass/Aquasky_Spectre.rsm
Music/Dancehall/MrVegas_PullUp.rsm
Music/Drum_N_Bass/Calyx_CollisionCourse.rsm
Music/Dancehall/TwoCC_AndDance.rsm
Speech/Narrator/34_Compliment_Tuner_1.rsm
Speech/Narrator/34_Compliment_Tuner_2.rsm
Speech/Narrator/34_Compliment_Tuner_3.rsm
Music/Drum_N_Bass/Noisa_ColdVeins.rsm
Speech/Narrator/30_Compl_Perform_Upgrade_1_B.rsm
Speech/Narrator/30_Compl_Perform_Upgrade_2_B.rsm
Speech/Narrator/30_Compl_Perform_Upgrade_3_B.rsm
Speech/Narrator/30_Compl_Perform_Upgrade_4_B.rsm
Speech/Narrator/30_Compl_Perform_Upgrade_5_B.rsm
Speech/Narrator/30_Compl_Perform_Upgrade_6_B.rsm
Speech/Narrator/30_Compl_Perform_Upgrade_7_B.rsm
Speech/Narrator/30_Compl_Perform_Upgrade_8_B.rsm
Speech/Narrator/30_Compl_Perform_Upgrade_9_B.rsm
Speech/Narrator/11_Warn_Dre_1.rsm
Speech/Narrator/11_Warn_Dre_2.rsm
Speech/Narrator/11_Warn_Dre_3.rsm
Speech/Narrator/11_Warn_Dre_4.rsm
Speech/Narrator/11_Warn_Dre_5.rsm
Speech/Narrator/20_Warn_Roy_1.rsm
Speech/Narrator/20_Warn_Roy_2.rsm
Speech/Narrator/20_Warn_Roy_3.rsm
Speech/Narrator/20_Warn_Roy_4.rsm
Speech/Narrator/20_Warn_Roy_5.rsm
Speech/Narrator/20_Warn_Roy_6.rsm
Speech/Narrator/12_Warn_Roy_1.rsm
Speech/Narrator/12_Warn_Roy_2.rsm
Speech/Narrator/12_Warn_Roy_3.rsm
Speech/Narrator/12_Warn_Roy_4.rsm
Speech/Narrator/N_ducati_1000.rsm
Speech/Narrator/N_Exotics_1_B.rsm
Speech/Narrator/N_Exotics_2_B.rsm
Speech/Narrator/N_Exotics_3_B.rsm
Speech/Narrator/N_Exotics_4_B.rsm
Music/Drum_N_Bass/Calyx_ThroughYourEyes.rsm
Music/Techno/Martian_LostTransmission.rsm
Music/Techno/Martian_SexInZeroGravity.rsm
RaceStarters/racestart_13L_Puffy_1.rsm
RaceStarters/racestart_09_Simone_1.rsm
Speech/Narrator/57_Tuning_Reminder_1.rsm
Speech/Narrator/57_Tuning_Reminder_2.rsm
Speech/Narrator/57_Tuning_Reminder_3.rsm
Speech/Narrator/57_Tuning_Reminder_4.rsm
Speech/Narrator/57_Tuning_Reminder_5.rsm
Music/Transitions/rewindA.rsm
Music/Transitions/rewindB.rsm
Music/Rock/MarilynManson_RockIsDead.rsm
Speech/Mechanic/Oscar/Misc/Oscar_SanDiego_to_Atlanta.rsm
RaceStarters/racestart_P_01_Adam_1.rsm
RaceStarters/racestart_P_02_Tara_1.rsm
RaceStarters/racestart_P_06_Hood_1.rsm
Speech/Narrator/N_Generic_for_US_champ_1_B.rsm
Speech/Narrator/N_Generic_for_US_champ_2_B.rsm
Speech/Narrator/N_Generic_for_US_champ_3_B.rsm
Speech/Narrator/N_Generic_for_US_champ_4_B.rsm
Engine_Revs/Tuner_Muscle_Car1.rsm
Engine_Revs/Tuner_Muscle_Car2.rsm
Music/Dancehall/LadySovereign_Random.rsm
Music/Techno/Fix_Flash.rsm
Speech/Narrator/27_Hints_1.rsm
Speech/Narrator/27_Hints_2.rsm
Speech/Narrator/27_Hints_3.rsm
Speech/Narrator/27_Hints_4.rsm
Speech/Mechanic/Apone/Player_Wins/Apone_player_wins_1.rsm
Speech/Mechanic/Apone/Player_Wins/Apone_player_wins_2.rsm
Speech/Mechanic/Apone/Player_Wins/Apone_player_wins_3.rsm
Speech/Mechanic/Apone/Player_Wins/Apone_player_wins_4.rsm
Speech/Mechanic/Apone/Player_Wins/Apone_player_wins_5.rsm
Speech/Mechanic/Apone/Player_Wins/Apone_player_wins_6.rsm
Speech/Mechanic/Apone/Player_Wins/Apone_player_wins_7.rsm
Speech/Mechanic/Apone/Player_Wins/Apone_player_wins_8.rsm
Speech/Mechanic/Apone/Player_Wins/Apone_player_wins_9.rsm
Music/Techno/BCalloway_DirectManiac.rsm
Music/Instrumental/BuddyKlein_LetsGo.rsm
Music/HipHop/Fabolous_Ghetto.rsm
RaceStarters/racestart_TOK_copstart_str00_01.rsm
Music/HipHop/FatJoe_Safe2Say.rsm
Music/HipHop/MFresh_FrontEnd.rsm
Music/HipHop/StatQuo_LikeDat.rsm
Music/Drum_N_Bass/Calyx_AreYouReady.rsm
Music/HipHop/Twista_Sunshine.rsm
Music/Instrumental/RHK_DeepSouth.rsm
Music/Instrumental/RHK_Cornbread.rsm
Music/Instrumental/RHK_SpacedOut.rsm
Speech/Narrator/48_Loses_Keep_Racing_1_B.rsm
Speech/Narrator/48_Loses_Keep_Racing_2_B.rsm
Speech/Narrator/48_Loses_Keep_Racing_3_B.rsm
Speech/Narrator/48_Loses_Keep_Racing_4_B.rsm
Speech/Narrator/48_Loses_Keep_Racing_5_B.rsm
Speech/Narrator/48_Loses_Keep_Racing_6_B.rsm
Speech/Mechanic/Apone/Cash_Reminder/Apone_cash_reminder_1.rsm
Speech/Mechanic/Apone/Cash_Reminder/Apone_cash_reminder_2.rsm
Speech/Mechanic/Apone/Cash_Reminder/Apone_cash_reminder_3.rsm
Speech/Mechanic/Apone/Cash_Reminder/Apone_cash_reminder_4.rsm
Speech/Mechanic/Apone/Cash_Reminder/Apone_cash_reminder_5.rsm
Speech/Mechanic/Apone/Cash_Reminder/Apone_cash_reminder_6.rsm
Speech/Mechanic/Apone/Cash_Reminder/Apone_cash_reminder_7.rsm
Speech/Mechanic/Tokyo/comp_vis_01.rsm
Speech/Mechanic/Tokyo/comp_vis_10.rsm
Speech/Mechanic/Tokyo/comp_vis_02.rsm
Speech/Mechanic/Tokyo/comp_vis_11.rsm
Speech/Mechanic/Tokyo/comp_vis_03.rsm
Speech/Mechanic/Tokyo/comp_vis_12.rsm
Speech/Mechanic/Tokyo/comp_vis_04.rsm
Speech/Mechanic/Tokyo/comp_vis_13.rsm
Speech/Mechanic/Tokyo/comp_vis_05.rsm
Speech/Mechanic/Tokyo/comp_vis_14.rsm
Speech/Mechanic/Tokyo/comp_vis_06.rsm
Speech/Mechanic/Tokyo/comp_vis_07.rsm
Speech/Mechanic/Tokyo/comp_vis_08.rsm
Speech/Mechanic/Tokyo/comp_vis_09.rsm
Speech/Mechanic/Tokyo/comp_suv_01.rsm
Speech/Mechanic/Tokyo/comp_suv_02.rsm
Speech/Mechanic/Tokyo/comp_suv_03.rsm
Speech/Mechanic/Tokyo/win_cong_01.rsm
Speech/Mechanic/Tokyo/win_cong_10.rsm
Speech/Mechanic/Tokyo/win_cong_02.rsm
Speech/Mechanic/Tokyo/win_cong_11.rsm
Speech/Mechanic/Tokyo/win_cong_03.rsm
Speech/Mechanic/Tokyo/win_cong_12.rsm
Speech/Mechanic/Tokyo/win_cong_04.rsm
Speech/Mechanic/Tokyo/win_cong_13.rsm
Speech/Mechanic/Tokyo/win_cong_05.rsm
Speech/Mechanic/Tokyo/win_cong_14.rsm
Speech/Mechanic/Tokyo/win_cong_06.rsm
Speech/Mechanic/Tokyo/win_cong_15.rsm
Speech/Mechanic/Tokyo/win_cong_07.rsm
Speech/Mechanic/Tokyo/win_cong_16.rsm
Speech/Mechanic/Tokyo/win_cong_08.rsm
Speech/Mechanic/Tokyo/win_cong_09.rsm
Speech/Mechanic/Tokyo/win_warn_01.rsm
Speech/Mechanic/Tokyo/win_warn_02.rsm
Speech/Mechanic/Tokyo/win_warn_03.rsm
Speech/Mechanic/Tokyo/win_warn_04.rsm
Speech/Mechanic/Tokyo/win_warn_05.rsm
Speech/Mechanic/Tokyo/win_warn_06.rsm
Speech/Mechanic/Apone/Nice_Car/Apone_nice_car_10.rsm
Speech/Mechanic/Apone/Nice_Car/Apone_nice_car_11.rsm
Speech/Mechanic/Apone/Nice_Car/Apone_nice_car_12.rsm
Speech/Mechanic/Apone/Nice_Car/Apone_nice_car_13.rsm
Music/Drum_N_Bass/ESassin_Interface.rsm
Speech/Narrator/6_Warn_Venessa_1_B.rsm
Speech/Narrator/6_Warn_Venessa_2_B.rsm
Speech/Narrator/6_Warn_Venessa_3_B.rsm
Speech/Narrator/6_Warn_Venessa_4_B.rsm
Speech/Narrator/6_Warn_Venessa_5_B.rsm
Speech/Narrator/5_Tourn_unlocked_1.rsm
Speech/Narrator/5_Tourn_unlocked_2.rsm
Speech/Narrator/5_Tourn_unlocked_3.rsm
Speech/Narrator/5_Tourn_unlocked_4.rsm
Speech/Narrator/5_Tourn_unlocked_5.rsm
Speech/Narrator/5_Tourn_unlocked_6.rsm
Music/Drum_N_Bass/CultureShock_Vega.rsm
Speech/Cops/Cop1_Warnings_01.rsm
Speech/Cops/Cop1_Warnings_10.rsm
Speech/Cops/Cop1_Warnings_02.rsm
Speech/Cops/Cop1_Warnings_11.rsm
Speech/Cops/Cop1_Warnings_03.rsm
Speech/Cops/Cop1_Warnings_20.rsm
Speech/Cops/Cop1_Warnings_12.rsm
Speech/Cops/Cop1_Warnings_04.rsm
Speech/Cops/Cop1_Warnings_21.rsm
Speech/Cops/Cop1_Warnings_13.rsm
Speech/Cops/Cop1_Warnings_05.rsm
Speech/Cops/Cop1_Warnings_30.rsm
Speech/Cops/Cop1_Warnings_22.rsm
Speech/Cops/Cop1_Warnings_14.rsm
Speech/Cops/Cop1_Warnings_06.rsm
Speech/Cops/Cop1_Warnings_31.rsm
Speech/Cops/Cop1_Warnings_23.rsm
Speech/Cops/Cop1_Warnings_15.rsm
Speech/Cops/Cop1_Warnings_07.rsm
Speech/Cops/Cop1_Warnings_40.rsm
Speech/Cops/Cop1_Warnings_32.rsm
Speech/Cops/Cop1_Warnings_24.rsm
Speech/Cops/Cop1_Warnings_16.rsm
Speech/Cops/Cop1_Warnings_08.rsm
Speech/Cops/Cop1_Warnings_41.rsm
Speech/Cops/Cop1_Warnings_33.rsm
Speech/Cops/Cop1_Warnings_25.rsm
Speech/Cops/Cop1_Warnings_17.rsm
Speech/Cops/Cop1_Warnings_09.rsm
Speech/Cops/Cop1_Warnings_42.rsm
Speech/Cops/Cop1_Warnings_34.rsm
Speech/Cops/Cop1_Warnings_26.rsm
Speech/Cops/Cop1_Warnings_18.rsm
Speech/Cops/Cop1_Warnings_43.rsm
Speech/Cops/Cop1_Warnings_35.rsm
Speech/Cops/Cop1_Warnings_27.rsm
Speech/Cops/Cop1_Warnings_19.rsm
Speech/Cops/Cop1_Warnings_44.rsm
Speech/Cops/Cop1_Warnings_36.rsm
Speech/Cops/Cop1_Warnings_28.rsm
Speech/Cops/Cop1_Warnings_37.rsm
Speech/Cops/Cop1_Warnings_29.rsm
Speech/Cops/Cop1_Warnings_38.rsm
Speech/Cops/Cop1_Warnings_39.rsm
Speech/Cops/Cop4_Warnings_01.rsm
Speech/Cops/Cop4_Warnings_10.rsm
Speech/Cops/Cop4_Warnings_02.rsm
Speech/Cops/Cop4_Warnings_11.rsm
Speech/Cops/Cop4_Warnings_03.rsm
Speech/Cops/Cop4_Warnings_20.rsm
Speech/Cops/Cop4_Warnings_21.rsm
Speech/Cops/Cop4_Warnings_13.rsm
Speech/Cops/Cop4_Warnings_05.rsm
Speech/Cops/Cop4_Warnings_30.rsm
Speech/Cops/Cop4_Warnings_22.rsm
Speech/Cops/Cop4_Warnings_14.rsm
Speech/Cops/Cop4_Warnings_31.rsm
Speech/Cops/Cop4_Warnings_23.rsm
Speech/Cops/Cop4_Warnings_15.rsm
Speech/Cops/Cop4_Warnings_07.rsm
Speech/Cops/Cop4_Warnings_40.rsm
Speech/Cops/Cop4_Warnings_32.rsm
Speech/Cops/Cop4_Warnings_24.rsm
Speech/Cops/Cop4_Warnings_16.rsm
Speech/Cops/Cop4_Warnings_41.rsm
Speech/Cops/Cop4_Warnings_33.rsm
Speech/Cops/Cop4_Warnings_25.rsm
Speech/Cops/Cop4_Warnings_17.rsm
Speech/Cops/Cop4_Warnings_09.rsm
Speech/Cops/Cop4_Warnings_50.rsm
Speech/Cops/Cop4_Warnings_42.rsm
Speech/Cops/Cop4_Warnings_34.rsm
Speech/Cops/Cop4_Warnings_26.rsm
Speech/Cops/Cop4_Warnings_18.rsm
Speech/Cops/Cop4_Warnings_51.rsm
Speech/Cops/Cop4_Warnings_43.rsm
Speech/Cops/Cop4_Warnings_35.rsm
Speech/Cops/Cop4_Warnings_27.rsm
Speech/Cops/Cop4_Warnings_19.rsm
Speech/Cops/Cop4_Warnings_60.rsm
Speech/Cops/Cop4_Warnings_52.rsm
Speech/Cops/Cop4_Warnings_44.rsm
Speech/Cops/Cop4_Warnings_36.rsm
Speech/Cops/Cop4_Warnings_28.rsm
Speech/Cops/Cop4_Warnings_61.rsm
Speech/Cops/Cop4_Warnings_53.rsm
Speech/Cops/Cop4_Warnings_45.rsm
Speech/Cops/Cop4_Warnings_37.rsm
Speech/Cops/Cop4_Warnings_29.rsm
Speech/Cops/Cop4_Warnings_70.rsm
Speech/Cops/Cop4_Warnings_62.rsm
Speech/Cops/Cop4_Warnings_54.rsm
Speech/Cops/Cop4_Warnings_46.rsm
Speech/Cops/Cop4_Warnings_38.rsm
Speech/Cops/Cop4_Warnings_71.rsm
Speech/Cops/Cop4_Warnings_63.rsm
Speech/Cops/Cop4_Warnings_55.rsm
Speech/Cops/Cop4_Warnings_47.rsm
Speech/Cops/Cop4_Warnings_39.rsm
Speech/Cops/Cop4_Warnings_80.rsm
Speech/Cops/Cop4_Warnings_72.rsm
Speech/Cops/Cop4_Warnings_64.rsm
Speech/Cops/Cop4_Warnings_56.rsm
Speech/Cops/Cop4_Warnings_48.rsm
Speech/Cops/Cop4_Warnings_81.rsm
Speech/Cops/Cop4_Warnings_73.rsm
Speech/Cops/Cop4_Warnings_65.rsm
Speech/Cops/Cop4_Warnings_57.rsm
Speech/Cops/Cop4_Warnings_49.rsm
Speech/Cops/Cop4_Warnings_82.rsm
Speech/Cops/Cop4_Warnings_74.rsm
Speech/Cops/Cop4_Warnings_66.rsm
Speech/Cops/Cop4_Warnings_58.rsm
Speech/Cops/Cop4_Warnings_83.rsm
Speech/Cops/Cop4_Warnings_75.rsm
Speech/Cops/Cop4_Warnings_67.rsm
Speech/Cops/Cop4_Warnings_59.rsm
Speech/Cops/Cop4_Warnings_92.rsm
Speech/Cops/Cop4_Warnings_84.rsm
Speech/Cops/Cop4_Warnings_76.rsm
Speech/Cops/Cop4_Warnings_68.rsm
Speech/Cops/Cop4_Warnings_93.rsm
Speech/Cops/Cop4_Warnings_85.rsm
Speech/Cops/Cop4_Warnings_77.rsm
Speech/Cops/Cop4_Warnings_69.rsm
Speech/Cops/Cop4_Warnings_94.rsm
Speech/Cops/Cop4_Warnings_86.rsm
Speech/Cops/Cop4_Warnings_78.rsm
Speech/Cops/Cop4_Warnings_95.rsm
Speech/Cops/Cop4_Warnings_87.rsm
Speech/Cops/Cop4_Warnings_79.rsm
Speech/Cops/Cop4_Warnings_96.rsm
Speech/Cops/Cop4_Warnings_97.rsm
Speech/Cops/Cop4_Warnings_98.rsm
Speech/Cops/Cop4_Warnings_99.rsm
Speech/Cops/Cop6_Warnings_01.rsm
Speech/Cops/Cop6_Warnings_10.rsm
Speech/Cops/Cop6_Warnings_02.rsm
Speech/Cops/Cop6_Warnings_11.rsm
Speech/Cops/Cop6_Warnings_03.rsm
Speech/Cops/Cop6_Warnings_20.rsm
Speech/Cops/Cop6_Warnings_12.rsm
Speech/Cops/Cop6_Warnings_04.rsm
Speech/Cops/Cop6_Warnings_21.rsm
Speech/Cops/Cop6_Warnings_13.rsm
Speech/Cops/Cop6_Warnings_05.rsm
Speech/Cops/Cop6_Warnings_30.rsm
Speech/Cops/Cop6_Warnings_22.rsm
Speech/Cops/Cop6_Warnings_14.rsm
Speech/Cops/Cop6_Warnings_06.rsm
Speech/Cops/Cop6_Warnings_31.rsm
Speech/Cops/Cop6_Warnings_23.rsm
Speech/Cops/Cop6_Warnings_15.rsm
Speech/Cops/Cop6_Warnings_07.rsm
Speech/Cops/Cop6_Warnings_40.rsm
Speech/Cops/Cop6_Warnings_32.rsm
Speech/Cops/Cop6_Warnings_24.rsm
Speech/Cops/Cop6_Warnings_16.rsm
Speech/Cops/Cop6_Warnings_08.rsm
Speech/Cops/Cop6_Warnings_41.rsm
Speech/Cops/Cop6_Warnings_33.rsm
Speech/Cops/Cop6_Warnings_25.rsm
Speech/Cops/Cop6_Warnings_17.rsm
Speech/Cops/Cop6_Warnings_09.rsm
Speech/Cops/Cop6_Warnings_50.rsm
Speech/Cops/Cop6_Warnings_42.rsm
Speech/Cops/Cop6_Warnings_34.rsm
Speech/Cops/Cop6_Warnings_26.rsm
Speech/Cops/Cop6_Warnings_18.rsm
Speech/Cops/Cop6_Warnings_51.rsm
Speech/Cops/Cop6_Warnings_43.rsm
Speech/Cops/Cop6_Warnings_35.rsm
Speech/Cops/Cop6_Warnings_27.rsm
Speech/Cops/Cop6_Warnings_19.rsm
Speech/Cops/Cop6_Warnings_60.rsm
Speech/Cops/Cop6_Warnings_52.rsm
Speech/Cops/Cop6_Warnings_44.rsm
Speech/Cops/Cop6_Warnings_36.rsm
Speech/Cops/Cop6_Warnings_28.rsm
Speech/Cops/Cop6_Warnings_61.rsm
Speech/Cops/Cop6_Warnings_53.rsm
Speech/Cops/Cop6_Warnings_45.rsm
Speech/Cops/Cop6_Warnings_37.rsm
Speech/Cops/Cop6_Warnings_29.rsm
Speech/Cops/Cop6_Warnings_70.rsm
Speech/Cops/Cop6_Warnings_62.rsm
Speech/Cops/Cop6_Warnings_54.rsm
Speech/Cops/Cop6_Warnings_46.rsm
Speech/Cops/Cop6_Warnings_38.rsm
Speech/Cops/Cop6_Warnings_71.rsm
Speech/Cops/Cop6_Warnings_63.rsm
Speech/Cops/Cop6_Warnings_55.rsm
Speech/Cops/Cop6_Warnings_47.rsm
Speech/Cops/Cop6_Warnings_39.rsm
Speech/Cops/Cop6_Warnings_72.rsm
Speech/Cops/Cop6_Warnings_64.rsm
Speech/Cops/Cop6_Warnings_56.rsm
Speech/Cops/Cop6_Warnings_48.rsm
Speech/Cops/Cop6_Warnings_73.rsm
Speech/Cops/Cop6_Warnings_65.rsm
Speech/Cops/Cop6_Warnings_57.rsm
Speech/Cops/Cop6_Warnings_49.rsm
Speech/Cops/Cop6_Warnings_74.rsm
Speech/Cops/Cop6_Warnings_66.rsm
Speech/Cops/Cop6_Warnings_58.rsm
Speech/Cops/Cop6_Warnings_75.rsm
Speech/Cops/Cop6_Warnings_67.rsm
Speech/Cops/Cop6_Warnings_59.rsm
Speech/Cops/Cop6_Warnings_68.rsm
Speech/Cops/Cop6_Warnings_69.rsm
Speech/Narrator/34_Compliment_Tuner_1_B.rsm
Speech/Narrator/34_Compliment_Tuner_2_B.rsm
Speech/Narrator/34_Compliment_Tuner_3_B.rsm
Speech/Mechanic/Tokyo/driving_B_unlock.rsm
Speech/Mechanic/Tokyo/driving_D_unlock.rsm
RaceStarters/racestart_copstart_Adam_1.rsm
RaceStarters/racestart_P_05L_Adam_2C_1.rsm
RaceStarters/racestart_P_05L_Adam_3C_1.rsm
RaceStarters/racestart_P_05L_Adam_5C_1.rsm
RaceStarters/racestart_P_05L_Adam_6C_1.rsm
RaceStarters/racestart_P_05L_Adam_7C_1.rsm
RaceStarters/racestart_P_05L_LaTonya_1.rsm
RaceStarters/racestart_P_07L_Sara_02_1.rsm
RaceStarters/racestart_P_07L_Tara_02_1.rsm
RaceStarters/racestart_P_08L_Tara_2C_1.rsm
RaceStarters/racestart_P_08L_Tara_3C_1.rsm
RaceStarters/racestart_P_08L_Tara_5C_1.rsm
RaceStarters/racestart_P_08L_Tara_6C_1.rsm
RaceStarters/racestart_P_08L_Tara_7C_1.rsm
Music/Techno/SuburbanKnight_NightStrike.rsm
Music/HipHop/SlimThug_PlayaYouDontKnow.rsm
Music/Dancehall/BeenieMan_Dancehall.rsm
Speech/Narrator/N_cadillac_sixteen_B.rsm
Speech/Narrator/20_Warn_Roy_1_B.rsm
Speech/Narrator/20_Warn_Roy_2_B.rsm
Speech/DX_Cop_MCR/CopEliot_100.rsm
Speech/DX_Cop_MCR/CopEliot_101.rsm
Speech/DX_Cop_MCR/CopEliot_110.rsm
Speech/DX_Cop_MCR/CopEliot_102.rsm
Speech/DX_Cop_MCR/CopEliot_111.rsm
Speech/DX_Cop_MCR/CopEliot_103.rsm
Speech/DX_Cop_MCR/CopEliot_120.rsm
Speech/DX_Cop_MCR/CopEliot_112.rsm
Speech/DX_Cop_MCR/CopEliot_104.rsm
Speech/DX_Cop_MCR/CopEliot_121.rsm
Speech/DX_Cop_MCR/CopEliot_113.rsm
Speech/DX_Cop_MCR/CopEliot_105.rsm
Speech/DX_Cop_MCR/CopEliot_130.rsm
Speech/DX_Cop_MCR/CopEliot_122.rsm
Speech/DX_Cop_MCR/CopEliot_114.rsm
Speech/DX_Cop_MCR/CopEliot_106.rsm
Speech/DX_Cop_MCR/CopEliot_131.rsm
Speech/DX_Cop_MCR/CopEliot_123.rsm
Speech/DX_Cop_MCR/CopEliot_115.rsm
Speech/DX_Cop_MCR/CopEliot_107.rsm
Speech/DX_Cop_MCR/CopEliot_140.rsm
Speech/DX_Cop_MCR/CopEliot_132.rsm
Speech/DX_Cop_MCR/CopEliot_124.rsm
Speech/DX_Cop_MCR/CopEliot_116.rsm
Speech/DX_Cop_MCR/CopEliot_108.rsm
Speech/DX_Cop_MCR/CopEliot_141.rsm
Speech/DX_Cop_MCR/CopEliot_133.rsm
Speech/DX_Cop_MCR/CopEliot_125.rsm
Speech/DX_Cop_MCR/CopEliot_117.rsm
Speech/DX_Cop_MCR/CopEliot_109.rsm
Speech/DX_Cop_MCR/CopEliot_150.rsm
Speech/DX_Cop_MCR/CopEliot_142.rsm
Speech/DX_Cop_MCR/CopEliot_134.rsm
Speech/DX_Cop_MCR/CopEliot_126.rsm
Speech/DX_Cop_MCR/CopEliot_118.rsm
Speech/DX_Cop_MCR/CopEliot_143.rsm
Speech/DX_Cop_MCR/CopEliot_135.rsm
Speech/DX_Cop_MCR/CopEliot_127.rsm
Speech/DX_Cop_MCR/CopEliot_119.rsm
Speech/DX_Cop_MCR/CopEliot_144.rsm
Speech/DX_Cop_MCR/CopEliot_136.rsm
Speech/DX_Cop_MCR/CopEliot_128.rsm
Speech/DX_Cop_MCR/CopEliot_145.rsm
Speech/DX_Cop_MCR/CopEliot_137.rsm
Speech/DX_Cop_MCR/CopEliot_129.rsm
Speech/DX_Cop_MCR/CopEliot_146.rsm
Speech/DX_Cop_MCR/CopEliot_138.rsm
Speech/DX_Cop_MCR/CopEliot_147.rsm
Speech/DX_Cop_MCR/CopEliot_139.rsm
Speech/DX_Cop_MCR/CopEliot_148.rsm
Speech/DX_Cop_MCR/CopEliot_149.rsm
Speech/DX_Cop_MCR/CopJason_100.rsm
Speech/DX_Cop_MCR/CopJason_101.rsm
Speech/DX_Cop_MCR/CopJason_110.rsm
Speech/DX_Cop_MCR/CopJason_102.rsm
Speech/DX_Cop_MCR/CopJason_111.rsm
Speech/DX_Cop_MCR/CopJason_103.rsm
Speech/DX_Cop_MCR/CopJason_120.rsm
Speech/DX_Cop_MCR/CopJason_112.rsm
Speech/DX_Cop_MCR/CopJason_104.rsm
Speech/DX_Cop_MCR/CopJason_121.rsm
Speech/DX_Cop_MCR/CopJason_113.rsm
Speech/DX_Cop_MCR/CopJason_105.rsm
Speech/DX_Cop_MCR/CopJason_130.rsm
Speech/DX_Cop_MCR/CopJason_122.rsm
Speech/DX_Cop_MCR/CopJason_114.rsm
Speech/DX_Cop_MCR/CopJason_106.rsm
Speech/DX_Cop_MCR/CopJason_131.rsm
Speech/DX_Cop_MCR/CopJason_123.rsm
Speech/DX_Cop_MCR/CopJason_115.rsm
Speech/DX_Cop_MCR/CopJason_107.rsm
Speech/DX_Cop_MCR/CopJason_140.rsm
Speech/DX_Cop_MCR/CopJason_132.rsm
Speech/DX_Cop_MCR/CopJason_124.rsm
Speech/DX_Cop_MCR/CopJason_116.rsm
Speech/DX_Cop_MCR/CopJason_108.rsm
Speech/DX_Cop_MCR/CopJason_141.rsm
Speech/DX_Cop_MCR/CopJason_133.rsm
Speech/DX_Cop_MCR/CopJason_125.rsm
Speech/DX_Cop_MCR/CopJason_117.rsm
Speech/DX_Cop_MCR/CopJason_109.rsm
Speech/DX_Cop_MCR/CopJason_150.rsm
Speech/DX_Cop_MCR/CopJason_142.rsm
Speech/DX_Cop_MCR/CopJason_134.rsm
Speech/DX_Cop_MCR/CopJason_126.rsm
Speech/DX_Cop_MCR/CopJason_118.rsm
Speech/DX_Cop_MCR/CopJason_151.rsm
Speech/DX_Cop_MCR/CopJason_143.rsm
Speech/DX_Cop_MCR/CopJason_135.rsm
Speech/DX_Cop_MCR/CopJason_127.rsm
Speech/DX_Cop_MCR/CopJason_119.rsm
Speech/DX_Cop_MCR/CopJason_144.rsm
Speech/DX_Cop_MCR/CopJason_136.rsm
Speech/DX_Cop_MCR/CopJason_128.rsm
Speech/DX_Cop_MCR/CopJason_145.rsm
Speech/DX_Cop_MCR/CopJason_137.rsm
Speech/DX_Cop_MCR/CopJason_129.rsm
Speech/DX_Cop_MCR/CopJason_146.rsm
Speech/DX_Cop_MCR/CopJason_138.rsm
Speech/DX_Cop_MCR/CopJason_147.rsm
Speech/DX_Cop_MCR/CopJason_139.rsm
Speech/DX_Cop_MCR/CopJason_148.rsm
Speech/DX_Cop_MCR/CopJason_149.rsm
Speech/DX_Cop_MCR/CopKenji_100.rsm
Speech/DX_Cop_MCR/CopKenji_101.rsm
Speech/DX_Cop_MCR/CopKenji_110.rsm
Speech/DX_Cop_MCR/CopKenji_102.rsm
Speech/DX_Cop_MCR/CopKenji_111.rsm
Speech/DX_Cop_MCR/CopKenji_103.rsm
Speech/DX_Cop_MCR/CopKenji_120.rsm
Speech/DX_Cop_MCR/CopKenji_112.rsm
Speech/DX_Cop_MCR/CopKenji_104.rsm
Speech/DX_Cop_MCR/CopKenji_121.rsm
Speech/DX_Cop_MCR/CopKenji_113.rsm
Speech/DX_Cop_MCR/CopKenji_105.rsm
Speech/DX_Cop_MCR/CopKenji_130.rsm
Speech/DX_Cop_MCR/CopKenji_122.rsm
Speech/DX_Cop_MCR/CopKenji_114.rsm
Speech/DX_Cop_MCR/CopKenji_106.rsm
Speech/DX_Cop_MCR/CopKenji_131.rsm
Speech/DX_Cop_MCR/CopKenji_123.rsm
Speech/DX_Cop_MCR/CopKenji_115.rsm
Speech/DX_Cop_MCR/CopKenji_107.rsm
Speech/DX_Cop_MCR/CopKenji_132.rsm
Speech/DX_Cop_MCR/CopKenji_124.rsm
Speech/DX_Cop_MCR/CopKenji_116.rsm
Speech/DX_Cop_MCR/CopKenji_108.rsm
Speech/DX_Cop_MCR/CopKenji_133.rsm
Speech/DX_Cop_MCR/CopKenji_125.rsm
Speech/DX_Cop_MCR/CopKenji_117.rsm
Speech/DX_Cop_MCR/CopKenji_109.rsm
Speech/DX_Cop_MCR/CopKenji_134.rsm
Speech/DX_Cop_MCR/CopKenji_126.rsm
Speech/DX_Cop_MCR/CopKenji_118.rsm
Speech/DX_Cop_MCR/CopKenji_135.rsm
Speech/DX_Cop_MCR/CopKenji_127.rsm
Speech/DX_Cop_MCR/CopKenji_119.rsm
Speech/DX_Cop_MCR/CopKenji_136.rsm
Speech/DX_Cop_MCR/CopKenji_137.rsm
Speech/DX_Cop_MCR/CopKenji_129.rsm
Speech/Narrator/60_Car_Movies_1.rsm
Speech/Narrator/60_Car_Movies_2.rsm
Speech/Narrator/60_Car_Movies_3.rsm
Speech/Narrator/60_Car_Movies_4.rsm
Speech/Narrator/60_Car_Movies_5.rsm
Speech/Narrator/60_Car_Movies_6.rsm
Speech/Narrator/60_Car_Movies_7.rsm
Speech/Narrator/60_Car_Movies_8.rsm
Speech/Narrator/60_Car_Movies_9.rsm
Speech/Narrator/15_Warn_Cheng_1.rsm
Speech/Narrator/15_Warn_Cheng_2.rsm
Speech/Narrator/15_Warn_Cheng_3.rsm
Speech/Narrator/15_Warn_Cheng_4.rsm
Speech/Narrator/15_Warn_Cheng_5.rsm
Speech/Narrator/24_Warn_Angel_1.rsm
Speech/Narrator/24_Warn_Angel_2.rsm
Speech/Narrator/24_Warn_Angel_3.rsm
Speech/Narrator/24_Warn_Angel_4.rsm
Speech/Narrator/24_Warn_Angel_5.rsm
Speech/Narrator/16_Warn_Naomi_1.rsm
Speech/Narrator/16_Warn_Naomi_2.rsm
Speech/Narrator/16_Warn_Naomi_3.rsm
Speech/Narrator/16_Warn_Naomi_4.rsm
Speech/Narrator/16_Warn_Naomi_5.rsm
Speech/Narrator/N_positive_comments_1.rsm
Speech/Narrator/N_positive_comments_2.rsm
Speech/Narrator/N_positive_comments_3.rsm
Speech/Narrator/N_positive_comments_4.rsm
Speech/Mechanic/Oscar/Nice_Car/Oscar_nice_car_1.rsm
Speech/Mechanic/Oscar/Nice_Car/Oscar_nice_car_2.rsm
Speech/Mechanic/Oscar/Nice_Car/Oscar_nice_car_3.rsm
Speech/Mechanic/Oscar/Nice_Car/Oscar_nice_car_4.rsm
Speech/Mechanic/Oscar/Nice_Car/Oscar_nice_car_5.rsm
Speech/Mechanic/Oscar/Nice_Car/Oscar_nice_car_6.rsm
Speech/Mechanic/Oscar/Nice_Car/Oscar_nice_car_7.rsm
Speech/Mechanic/Oscar/Nice_Car/Oscar_nice_car_8.rsm
Speech/Mechanic/Oscar/Nice_Car/Oscar_nice_car_9.rsm
Speech/Mechanic/Tokyo/taunt_vehicle_01.rsm
Speech/Mechanic/Tokyo/taunt_vehicle_02.rsm
Speech/Mechanic/Tokyo/taunt_vehicle_03.rsm
Speech/Mechanic/Tokyo/taunt_vehicle_04.rsm
Speech/Mechanic/Tokyo/taunt_vehicle_05.rsm
Speech/Mechanic/Tokyo/taunt_vehicle_06.rsm
Speech/Mechanic/Tokyo/taunt_vehicle_07.rsm
Speech/Narrator/47_Warn_Cocky_1.rsm
Speech/Narrator/47_Warn_Cocky_2.rsm
Speech/Narrator/47_Warn_Cocky_3.rsm
Speech/Narrator/47_Warn_Cocky_4.rsm
Speech/Narrator/47_Warn_Cocky_5.rsm
Speech/Narrator/47_Warn_Cocky_6.rsm
Ambiences/A_DT_007ar.rsm
Ambiences/A_DT_007br.rsm
Ambiences/A_DT_007cr.rsm
Ambiences/A_DT_007dr.rsm
Ambiences/A_SD_001ar.rsm
Ambiences/A_SD_001br.rsm
Ambiences/A_SD_001cr.rsm
Ambiences/A_SD_001dr.rsm
Ambiences/A_SD_003ar.rsm
Ambiences/A_SD_001er.rsm
Ambiences/A_SD_003br.rsm
Ambiences/A_SD_003cr.rsm
Ambiences/A_SD_003dr.rsm
Ambiences/A_SD_007ar.rsm
Ambiences/A_SD_007br.rsm
Ambiences/A_SD_008ar.rsm
Ambiences/A_SD_008br.rsm
Music/Techno/Fix_BiteBeforeYouBark.rsm
Music/Drum_N_Bass/Sunchase_AsWeLook.rsm
Speech/Mechanic/Apone/Misc/Apone_Atlanta_intro.rsm
Speech/Narrator/8_Warn_Bishop_1.rsm
Speech/Narrator/8_Warn_Bishop_2.rsm
Speech/Narrator/8_Warn_Bishop_3.rsm
Speech/Narrator/8_Warn_Bishop_4.rsm
Speech/Narrator/8_Warn_Bishop_5.rsm
Speech/Narrator/9_Warn_Carlos_1.rsm
Speech/Narrator/9_Warn_Carlos_2.rsm
Speech/Narrator/9_Warn_Carlos_3.rsm
Speech/Narrator/9_Warn_Carlos_4.rsm
Music/HipHop/Crisis_YouLikeMyStyle.rsm
Speech/Mechanic/Apone/Misc/Apone_GroupC_unlock.rsm
Speech/Narrator/28_Compliment_Vis_Upgrade_1_B.rsm
Speech/Narrator/28_Compliment_Vis_Upgrade_2_B.rsm
Speech/Narrator/28_Compliment_Vis_Upgrade_3_B.rsm
Speech/Narrator/28_Compliment_Vis_Upgrade_4_B.rsm
Speech/Narrator/28_Compliment_Vis_Upgrade_5_B.rsm
Speech/Narrator/28_Compliment_Vis_Upgrade_6_B.rsm
Speech/Narrator/28_Compliment_Vis_Upgrade_7_B.rsm
Speech/Narrator/28_Compliment_Vis_Upgrade_8_B.rsm
Speech/Narrator/28_Compliment_Vis_Upgrade_9_B.rsm
Speech/Narrator/28_Compliment_Vis_Upgrad_10_B.rsm
Speech/Narrator/28_Compliment_Vis_Upgrad_11_B.rsm
Speech/Narrator/28_Compliment_Vis_Upgrad_12_B.rsm
Speech/Narrator/28_Compliment_Vis_Upgrad_13_B.rsm
Speech/Narrator/28_Compliment_Vis_Upgrad_14_B.rsm
Speech/Narrator/28_Compliment_Vis_Upgrad_15_B.rsm
Speech/Narrator/28_Compliment_Vis_Upgrad_16_B.rsm
Speech/Narrator/28_Compliment_Vis_Upgrad_17_B.rsm
Speech/Mechanic/Apone/Car_Diss/Apone_car_diss_1.rsm
Speech/Mechanic/Apone/Car_Diss/Apone_car_diss_2.rsm
Speech/Mechanic/Apone/Car_Diss/Apone_car_diss_3.rsm
Speech/Mechanic/Apone/Car_Diss/Apone_car_diss_4.rsm
Speech/Mechanic/Apone/Car_Diss/Apone_car_diss_5.rsm
Speech/Mechanic/Apone/Car_Diss/Apone_car_diss_6.rsm
Speech/Mechanic/Apone/Car_Diss/Apone_car_diss_7.rsm
Speech/Mechanic/Apone/Car_Diss/Apone_car_diss_8.rsm
Speech/Mechanic/Apone/Car_Diss/Apone_car_diss_9.rsm
Speech/Mechanic/Oscar/After_Upgrade/Oscar_after_upgrade_10.rsm
Speech/Mechanic/Oscar/After_Upgrade/Oscar_after_upgrade_11.rsm
Speech/Mechanic/Oscar/After_Upgrade/Oscar_after_upgrade_20.rsm
Speech/Mechanic/Oscar/After_Upgrade/Oscar_after_upgrade_12.rsm
Speech/Mechanic/Oscar/After_Upgrade/Oscar_after_upgrade_21.rsm
Speech/Mechanic/Oscar/After_Upgrade/Oscar_after_upgrade_13.rsm
Speech/Mechanic/Oscar/After_Upgrade/Oscar_after_upgrade_22.rsm
Speech/Mechanic/Oscar/After_Upgrade/Oscar_after_upgrade_14.rsm
Speech/Mechanic/Oscar/After_Upgrade/Oscar_after_upgrade_23.rsm
Speech/Mechanic/Oscar/After_Upgrade/Oscar_after_upgrade_15.rsm
Speech/Mechanic/Oscar/After_Upgrade/Oscar_after_upgrade_16.rsm
Speech/Mechanic/Oscar/After_Upgrade/Oscar_after_upgrade_17.rsm
Speech/Mechanic/Oscar/After_Upgrade/Oscar_after_upgrade_18.rsm
Speech/Mechanic/Oscar/After_Upgrade/Oscar_after_upgrade_19.rsm
Speech/Narrator/36_Compliment_SuperCar_1.rsm
Speech/Narrator/36_Compliment_SuperCar_2.rsm
Speech/Narrator/36_Compliment_SuperCar_3.rsm
Speech/Narrator/36_Compliment_SuperCar_4.rsm
Speech/Narrator/N_ducati_1000_B.rsm
Speech/Mechanic/Oscar/Player_Loses/Oscar_player_loses_10.rsm
Speech/Mechanic/Oscar/Player_Loses/Oscar_player_loses_11.rsm
Speech/Mechanic/Oscar/Player_Loses/Oscar_player_loses_20.rsm
Speech/Mechanic/Oscar/Player_Loses/Oscar_player_loses_12.rsm
Speech/Mechanic/Oscar/Player_Loses/Oscar_player_loses_21.rsm
Speech/Mechanic/Oscar/Player_Loses/Oscar_player_loses_13.rsm
Speech/Mechanic/Oscar/Player_Loses/Oscar_player_loses_30.rsm
Speech/Mechanic/Oscar/Player_Loses/Oscar_player_loses_22.rsm
Speech/Mechanic/Oscar/Player_Loses/Oscar_player_loses_14.rsm
Speech/Mechanic/Oscar/Player_Loses/Oscar_player_loses_31.rsm
Speech/Mechanic/Oscar/Player_Loses/Oscar_player_loses_23.rsm
Speech/Mechanic/Oscar/Player_Loses/Oscar_player_loses_15.rsm
Speech/Mechanic/Oscar/Player_Loses/Oscar_player_loses_32.rsm
Speech/Mechanic/Oscar/Player_Loses/Oscar_player_loses_24.rsm
Speech/Mechanic/Oscar/Player_Loses/Oscar_player_loses_16.rsm
Speech/Mechanic/Oscar/Player_Loses/Oscar_player_loses_25.rsm
Speech/Mechanic/Oscar/Player_Loses/Oscar_player_loses_17.rsm
Speech/Mechanic/Oscar/Player_Loses/Oscar_player_loses_26.rsm
Speech/Mechanic/Oscar/Player_Loses/Oscar_player_loses_18.rsm
Speech/Mechanic/Oscar/Player_Loses/Oscar_player_loses_27.rsm
Speech/Mechanic/Oscar/Player_Loses/Oscar_player_loses_19.rsm
Speech/Mechanic/Oscar/Player_Loses/Oscar_player_loses_28.rsm
Speech/Mechanic/Oscar/Player_Loses/Oscar_player_loses_29.rsm
Speech/Narrator/33_Compliment_SUV_1.rsm
Speech/Narrator/33_Compliment_SUV_2.rsm
Speech/Narrator/33_Compliment_SUV_3.rsm
Speech/Narrator/42_Circuit_Info_1_B.rsm
Speech/Narrator/42_Circuit_Info_2_B.rsm
Speech/Narrator/42_Circuit_Info_3_B.rsm
Speech/Narrator/42_Circuit_Info_4_B.rsm
Speech/Narrator/13_Warn_Again_Roy_1.rsm
Speech/Narrator/13_Warn_Again_Roy_2.rsm
Speech/Narrator/13_Warn_Again_Roy_3.rsm
Speech/Narrator/13_Warn_Again_Roy_4.rsm
Speech/Narrator/13_Warn_Again_Roy_5.rsm
Music/Rock/MashOutPosse_RobbinHoodz.rsm
Speech/Narrator/41_AutoCross_Info_1.rsm
Speech/Narrator/41_AutoCross_Info_2.rsm
Speech/Narrator/41_AutoCross_Info_3.rsm
Speech/Mechanic/Apone/Lose/Apone_lose_10.rsm
Speech/Mechanic/Apone/Lose/Apone_lose_11.rsm
Speech/Mechanic/Apone/Lose/Apone_lose_12.rsm
Speech/Mechanic/Apone/Lose/Apone_lose_13.rsm
Speech/Mechanic/Apone/Lose/Apone_lose_14.rsm
Speech/Mechanic/Apone/Lose/Apone_lose_15.rsm
Speech/Mechanic/Apone/Lose/Apone_lose_16.rsm
Music/HipHop/TI_ASAP.rsm
Speech/Narrator/37_Taunts_General_1_B.rsm
Speech/Narrator/37_Taunts_General_2_B.rsm
Speech/Narrator/37_Taunts_General_3_B.rsm
Speech/Narrator/37_Taunts_General_4_B.rsm
Speech/Narrator/37_Taunts_General_5_B.rsm
Speech/Narrator/37_Taunts_General_6_B.rsm
Speech/Narrator/37_Taunts_General_7_B.rsm
Speech/Narrator/37_Taunts_General_8_B.rsm
Speech/Narrator/37_Taunts_General_9_B.rsm
Speech/Mechanic/Vince/Nice_Car/Vince_nice_car_10.rsm
Music/HipHop/PaulWall_SittinSideways.rsm
Music/HipHop/L_Wayne_Clean.rsm
Speech/Narrator/44_UnOrdered_Info_1_B.rsm
Speech/Narrator/44_UnOrdered_Info_2_B.rsm
Speech/Narrator/44_UnOrdered_Info_3_B.rsm
Engine_Revs/Muscle_car1.rsm
Engine_Revs/Muscle_Car2.rsm
Speech/Narrator/N_Generic_US_Champ_1.rsm
Speech/Narrator/N_Generic_US_Champ_2.rsm
Speech/Narrator/N_Generic_US_Champ_3.rsm
Speech/Narrator/N_Generic_US_Champ_4.rsm
Speech/Narrator/N_Generic_US_Champ_5.rsm
RaceStarters/racestart_13R_Sara_2C_1.rsm
RaceStarters/racestart_13R_Sara_3C_1.rsm
RaceStarters/racestart_13R_Sara_5C_1.rsm
RaceStarters/racestart_13R_Sara_6C_1.rsm
RaceStarters/racestart_13R_Sara_7C_1.rsm
Speech/Narrator/57_Tuning_Reminder_1_B.rsm
Speech/Narrator/57_Tuning_Reminder_2_B.rsm
Speech/Narrator/57_Tuning_Reminder_3_B.rsm
Speech/Narrator/57_Tuning_Reminder_4_B.rsm
Speech/Narrator/57_Tuning_Reminder_5_B.rsm
Speech/Mechanic/Oscar/Lose/Oscar_lose_10.rsm
Speech/Mechanic/Oscar/Lose/Oscar_lose_11.rsm
Speech/Mechanic/Oscar/Lose/Oscar_lose_12.rsm
Speech/Mechanic/Oscar/Lose/Oscar_lose_13.rsm
Speech/Mechanic/Oscar/Lose/Oscar_lose_14.rsm
Speech/Mechanic/Oscar/Lose/Oscar_lose_15.rsm
Speech/Mechanic/Oscar/Lose/Oscar_lose_16.rsm
Speech/Mechanic/Oscar/Lose/Oscar_lose_17.rsm
Speech/Mechanic/Apone/After_Upgrade/Apone_after_upgrade_1.rsm
Speech/Mechanic/Apone/After_Upgrade/Apone_after_upgrade_2.rsm
Speech/Mechanic/Apone/After_Upgrade/Apone_after_upgrade_3.rsm
Speech/Mechanic/Apone/After_Upgrade/Apone_after_upgrade_4.rsm
Speech/Mechanic/Apone/After_Upgrade/Apone_after_upgrade_5.rsm
Speech/Mechanic/Apone/After_Upgrade/Apone_after_upgrade_6.rsm
Speech/Mechanic/Apone/After_Upgrade/Apone_after_upgrade_7.rsm
Speech/Mechanic/Apone/After_Upgrade/Apone_after_upgrade_8.rsm
Speech/Mechanic/Apone/After_Upgrade/Apone_after_upgrade_9.rsm
Speech/Narrator/43_Ordered_Info_1_B.rsm
Speech/Narrator/43_Ordered_Info_2_B.rsm
Speech/Narrator/43_Ordered_Info_3_B.rsm
Speech/Narrator/29_Diss_Upgrade_1_B.rsm
Speech/Narrator/29_Diss_Upgrade_2_B.rsm
Speech/Narrator/29_Diss_Upgrade_3_B.rsm
Speech/Narrator/29_Diss_Upgrade_4_B.rsm
Speech/Narrator/29_Diss_Upgrade_5_B.rsm
Speech/Narrator/29_Diss_Upgrade_6_B.rsm
Speech/Narrator/29_Diss_Upgrade_7_B.rsm
Speech/Narrator/29_Diss_Upgrade_8_B.rsm
Speech/Narrator/29_Diss_Upgrade_9_B.rsm
Speech/Narrator/46_congratulate_1_B.rsm
Speech/Narrator/46_congratulate_2_B.rsm
Speech/Narrator/46_congratulate_3_B.rsm
Speech/Narrator/46_congratulate_4_B.rsm
Speech/Narrator/46_congratulate_5_B.rsm
Speech/Narrator/46_congratulate_6_B.rsm
Speech/Narrator/46_congratulate_7_B.rsm
Speech/Narrator/46_congratulate_8_B.rsm
Speech/Narrator/46_congratulate_9_B.rsm
Speech/Narrator/51_Loses_Taunts_1_B.rsm
Speech/Narrator/51_Loses_Taunts_2_B.rsm
Speech/Narrator/51_Loses_Taunts_3_B.rsm
Speech/Narrator/51_Loses_Taunts_4_B.rsm
Speech/Narrator/51_Loses_Taunts_5_B.rsm
Speech/Narrator/51_Loses_Taunts_6_B.rsm
Speech/Narrator/51_Loses_Taunts_7_B.rsm
Speech/Narrator/51_Loses_Taunts_8_B.rsm
Speech/Narrator/51_Loses_Taunts_9_B.rsm
Speech/Narrator/26_Warn_General_1_B.rsm
Speech/Narrator/26_Warn_General_2_B.rsm
Speech/Narrator/26_Warn_General_3_B.rsm
Speech/Narrator/26_Warn_General_4_B.rsm
Speech/Narrator/26_Warn_General_5_B.rsm
RaceStarters/racestart_P_03_Sen_2C_1.rsm
RaceStarters/racestart_P_03_Sen_3C_1.rsm
RaceStarters/racestart_P_03_Sen_5C_1.rsm
RaceStarters/racestart_P_08L_Puffy_1.rsm
RaceStarters/racestart_P_03_Sen_6C_1.rsm
RaceStarters/racestart_P_03_Sen_7C_1.rsm
RaceStarters/racestart_P_03_Simone_1.rsm
RaceStarters/racestart_P_09_Simone_1.rsm
Speech/Narrator/N_cadillac_sixteen.rsm
Speech/Mechanic/Apone/Paint_Reminder/Apone_paint_reminder_1.rsm
Speech/Mechanic/Apone/Paint_Reminder/Apone_paint_reminder_2.rsm
Speech/Mechanic/Apone/Paint_Reminder/Apone_paint_reminder_3.rsm
Speech/Mechanic/Apone/Paint_Reminder/Apone_paint_reminder_4.rsm
Speech/Mechanic/Vince/Car_Diss/Vince_car_diss_1.rsm
Speech/Mechanic/Vince/Car_Diss/Vince_car_diss_2.rsm
Speech/Mechanic/Vince/Car_Diss/Vince_car_diss_3.rsm
Speech/Mechanic/Vince/Car_Diss/Vince_car_diss_4.rsm
Speech/Mechanic/Vince/Car_Diss/Vince_car_diss_5.rsm
Speech/Mechanic/Vince/Car_Diss/Vince_car_diss_6.rsm
Speech/Mechanic/Vince/Car_Diss/Vince_car_diss_7.rsm
Speech/Mechanic/Vince/Car_Diss/Vince_car_diss_8.rsm
Speech/Mechanic/Vince/Car_Diss/Vince_car_diss_9.rsm
Speech/Narrator/53_SideRace_Win_1_B.rsm
Speech/Narrator/53_SideRace_Win_2_B.rsm
Speech/Narrator/53_SideRace_Win_3_B.rsm
Speech/Narrator/53_SideRace_Win_4_B.rsm
Speech/Mechanic/Oscar/Player_Wins/Oscar_player_wins_10.rsm
Speech/Mechanic/Oscar/Player_Wins/Oscar_player_wins_11.rsm
Speech/Mechanic/Oscar/Player_Wins/Oscar_player_wins_20.rsm
Speech/Mechanic/Oscar/Player_Wins/Oscar_player_wins_12.rsm
Speech/Mechanic/Oscar/Player_Wins/Oscar_player_wins_13.rsm
Speech/Mechanic/Oscar/Player_Wins/Oscar_player_wins_14.rsm
Speech/Mechanic/Oscar/Player_Wins/Oscar_player_wins_15.rsm
Speech/Mechanic/Oscar/Player_Wins/Oscar_player_wins_16.rsm
Speech/Mechanic/Oscar/Player_Wins/Oscar_player_wins_17.rsm
Speech/Mechanic/Oscar/Player_Wins/Oscar_player_wins_18.rsm
Speech/Mechanic/Oscar/Player_Wins/Oscar_player_wins_19.rsm
Music/Rock/Idlewild_ModernWay.rsm
Speech/Narrator/37_Taunts_General_1.rsm
Speech/Narrator/37_Taunts_General_2.rsm
Speech/Narrator/37_Taunts_General_3.rsm
Speech/Narrator/37_Taunts_General_4.rsm
Speech/Narrator/37_Taunts_General_5.rsm
Speech/Narrator/37_Taunts_General_6.rsm
Speech/Narrator/37_Taunts_General_7.rsm
Speech/Narrator/37_Taunts_General_8.rsm
Speech/Narrator/37_Taunts_General_9.rsm
Music/HipHop/SlimThug_LikeABoss.rsm
Speech/Narrator/44_UnOrdered_Info_1.rsm
Speech/Narrator/44_UnOrdered_Info_2.rsm
Speech/Narrator/44_UnOrdered_Info_3.rsm
Speech/Mechanic/Apone/Parts_Reminder/Apone_parts_reminder_1.rsm
Speech/Mechanic/Apone/Parts_Reminder/Apone_parts_reminder_2.rsm
Speech/Mechanic/Apone/Parts_Reminder/Apone_parts_reminder_3.rsm
Speech/Mechanic/Apone/Parts_Reminder/Apone_parts_reminder_4.rsm
Speech/Mechanic/Apone/Parts_Reminder/Apone_parts_reminder_5.rsm
Music/HipHop/Fabolous_KeepinItGangsta.rsm
Speech/Narrator/39_Vehicle_Taunts_1_B.rsm
Speech/Narrator/39_Vehicle_Taunts_2_B.rsm
Speech/Narrator/39_Vehicle_Taunts_3_B.rsm
Speech/Narrator/39_Vehicle_Taunts_4_B.rsm
Speech/Narrator/39_Vehicle_Taunts_5_B.rsm
Speech/Narrator/39_Vehicle_Taunts_6_B.rsm
Speech/Narrator/39_Vehicle_Taunts_7_B.rsm
Speech/Narrator/39_Vehicle_Taunts_1.rsm
Speech/Narrator/39_Vehicle_Taunts_2.rsm
Speech/Narrator/39_Vehicle_Taunts_3.rsm
Speech/Narrator/39_Vehicle_Taunts_4.rsm
Speech/Narrator/39_Vehicle_Taunts_5.rsm
Speech/Narrator/39_Vehicle_Taunts_6.rsm
Speech/Narrator/39_Vehicle_Taunts_7.rsm
Speech/Narrator/56_Nav_Reminder_1_B.rsm
Speech/Narrator/56_Nav_Reminder_2_B.rsm
Music/Techno/MrDe_TheZoo.rsm
Speech/Mechanic/Oscar/Encourage_Upgrade/Oscar_encourage_upgrade_1.rsm
Speech/Mechanic/Oscar/Encourage_Upgrade/Oscar_encourage_upgrade_2.rsm
Speech/Mechanic/Oscar/Encourage_Upgrade/Oscar_encourage_upgrade_3.rsm
Speech/Mechanic/Oscar/Encourage_Upgrade/Oscar_encourage_upgrade_4.rsm
Speech/Mechanic/Oscar/Encourage_Upgrade/Oscar_encourage_upgrade_5.rsm
Speech/Mechanic/Oscar/Encourage_Upgrade/Oscar_encourage_upgrade_6.rsm
Speech/Mechanic/Oscar/Encourage_Upgrade/Oscar_encourage_upgrade_7.rsm
Speech/Mechanic/Oscar/Encourage_Upgrade/Oscar_encourage_upgrade_8.rsm
Speech/Mechanic/Oscar/Encourage_Upgrade/Oscar_encourage_upgrade_9.rsm
Speech/Narrator/N_leo_1.rsm
Speech/Narrator/N_leo_2.rsm
Speech/Narrator/N_leo_3.rsm
Speech/Narrator/N_leo_4.rsm
Speech/Narrator/N_leo_5.rsm
Music/Drum_N_Bass/Calyx_ChasingShadows.rsm
Music/Rock/JimmyEatWorld_Pain.rsm
Music/Techno/KnightsOfTheJaguar_Jaguar.rsm
Speech/Narrator/33_Compliment_Bike_1_B.rsm
Speech/Narrator/33_Compliment_Bike_2_B.rsm
Music/HipHop/YingYangTwins_Hanh.rsm
Music/Drum_N_Bass/Calyx_GetMyselfToYou.rsm
Speech/Narrator/30_Compl_Perform_Upgrade_10.rsm
Speech/Narrator/30_Compl_Perform_Upgrade_11.rsm
Speech/Narrator/30_Compl_Perform_Upgrade_12.rsm
Speech/Narrator/30_Compl_Perform_Upgrade_13.rsm
Speech/Narrator/27_Hints_1_B.rsm
Speech/Narrator/27_Hints_2_B.rsm
Speech/Narrator/27_Hints_3_B.rsm
Speech/Narrator/27_Hints_4_B.rsm
Speech/Narrator/N_US_Champ_Mercialago.rsm
Speech/Narrator/2_Detroit_unlocked_1.rsm
Speech/Narrator/2_Detroit_unlocked_2.rsm
Speech/Narrator/N_Generic_for_hookman_1_B.rsm
Speech/Narrator/N_Generic_for_hookman_2_B.rsm
Speech/Narrator/N_Generic_for_hookman_3_B.rsm
Music/Transitions/stoper.rsm
Speech/Mechanic/Apone/Misc/Apone_100percent_complete.rsm
Speech/Narrator/N_leo_1_B.rsm
Speech/Narrator/N_leo_2_B.rsm
Speech/Narrator/N_leo_3_B.rsm
Speech/Narrator/N_by_invitation_only.rsm
Speech/Narrator/3_Atlanta_unlocked_1.rsm
Speech/Narrator/3_Atlanta_unlocked_2.rsm
Music/Instrumental/JeanGrae_GoingCrazy.rsm
Music/Techno/LeeCombs_Shiver.rsm
Speech/Narrator/59_Compliment_Vehicle_1.rsm
Speech/Narrator/59_Compliment_Vehicle_2.rsm
Speech/Narrator/59_Compliment_Vehicle_3.rsm
Speech/Narrator/59_Compliment_Vehicle_4.rsm
Speech/Narrator/59_Compliment_Vehicle_5.rsm
Speech/Mechanic/Oscar/Car_Diss/Oscar_car_diss_10.rsm
Speech/Mechanic/Oscar/Car_Diss/Oscar_car_diss_11.rsm
Speech/Mechanic/Oscar/Car_Diss/Oscar_car_diss_12.rsm
Music/Techno/DarkEnergy_Sunshine.rsm
Speech/Mechanic/Apone/Upgrade_Reminder/Apone_upgrade_reminder_1.rsm
Speech/Mechanic/Apone/Upgrade_Reminder/Apone_upgrade_reminder_2.rsm
Speech/Mechanic/Apone/Upgrade_Reminder/Apone_upgrade_reminder_3.rsm
Speech/Mechanic/Apone/Upgrade_Reminder/Apone_upgrade_reminder_4.rsm
Speech/Mechanic/Vince/Cash_Reminder/Vince_cash_reminder_1.rsm
Speech/Mechanic/Vince/Cash_Reminder/Vince_cash_reminder_2.rsm
Speech/Mechanic/Vince/Cash_Reminder/Vince_cash_reminder_3.rsm
Speech/Mechanic/Vince/Cash_Reminder/Vince_cash_reminder_4.rsm
Music/Drum_N_Bass/Nemesis_AlterEgo.rsm
Speech/Mechanic/Tokyo/comp_chopper_01.rsm
Speech/Mechanic/Tokyo/comp_chopper_02.rsm
Speech/Mechanic/Tokyo/comp_chopper_03.rsm
Speech/Narrator/50_Loses_EarnMoreMoney_1.rsm
Speech/Narrator/50_Loses_EarnMoreMoney_2.rsm
Speech/Narrator/50_Loses_EarnMoreMoney_3.rsm
Music/HipHop/Fabolous_RealTalk.rsm
Speech/Narrator/49_Loses_ComeBackLater_1.rsm
Speech/Narrator/49_Loses_ComeBackLater_2.rsm
Speech/Narrator/49_Loses_ComeBackLater_3.rsm
Speech/Narrator/49_Loses_ComeBackLater_4.rsm
Speech/Narrator/49_Loses_ComeBackLater_5.rsm
Speech/Narrator/49_Loses_ComeBackLater_6.rsm
Music/Drum_N_Bass/Logistics_Static.rsm
Music/Techno/SuburbanKnight_TheWarning.rsm
Speech/Narrator/30_Compl_Perform_Upgrade_10_B.rsm
Speech/Narrator/30_Compl_Perform_Upgrade_11_B.rsm
Speech/Narrator/30_Compl_Perform_Upgrade_12_B.rsm
Speech/Narrator/30_Compl_Perform_Upgrade_13_B.rsm
Speech/Narrator/10_Warn_Phil_1.rsm
Speech/Narrator/10_Warn_Phil_2.rsm
Speech/Narrator/10_Warn_Phil_3.rsm
Speech/Narrator/10_Warn_Phil_4.rsm
Speech/Narrator/10_Warn_Phil_5.rsm
Speech/Narrator/2_Detroit_unlocked_1_B.rsm
Speech/Narrator/2_Detroit_unlocked_2_B.rsm
Speech/Narrator/45_Rush_Info_1.rsm
Speech/Narrator/45_Rush_Info_2.rsm
Speech/Narrator/45_Rush_Info_3.rsm
Speech/Narrator/45_Rush_Info_4.rsm
Speech/Narrator/45_Rush_Info_5.rsm
Speech/Narrator/45_Rush_Info_6.rsm
Speech/Mechanic/Vince/After_Upgrade/Vince_after_upgrade_10.rsm
Speech/Mechanic/Vince/After_Upgrade/Vince_after_upgrade_11.rsm
Speech/Mechanic/Vince/After_Upgrade/Vince_after_upgrade_12.rsm
Speech/Mechanic/Vince/After_Upgrade/Vince_after_upgrade_13.rsm
Speech/Narrator/14_Warn_Again_Vito_1_B.rsm
Music/Rock/UnwrittenLaw_FIGHT.rsm
Speech/Mechanic/Vince/Lose/Vince_lose_10.rsm
Speech/Mechanic/Vince/Lose/Vince_lose_11.rsm
Speech/Mechanic/Vince/Lose/Vince_lose_20.rsm
Speech/Mechanic/Vince/Lose/Vince_lose_12.rsm
Speech/Mechanic/Vince/Lose/Vince_lose_13.rsm
Speech/Mechanic/Vince/Lose/Vince_lose_14.rsm
Speech/Mechanic/Vince/Lose/Vince_lose_15.rsm
Speech/Mechanic/Vince/Lose/Vince_lose_16.rsm
Speech/Mechanic/Vince/Lose/Vince_lose_17.rsm
Speech/Mechanic/Vince/Lose/Vince_lose_18.rsm
Speech/Mechanic/Vince/Lose/Vince_lose_19.rsm
Music/Rock/Morningwood_Jetsetter.rsm
Music/Techno/Martian_ShareYourFeelings.rsm
Speech/Narrator/N_escalade_ext.rsm
Speech/Narrator/N_merc_amg_g55.rsm
Speech/Mechanic/Oscar/Player_Loses/Oscar_player_loses_1.rsm
Speech/Mechanic/Oscar/Player_Loses/Oscar_player_loses_2.rsm
Speech/Mechanic/Oscar/Player_Loses/Oscar_player_loses_3.rsm
Speech/Mechanic/Oscar/Player_Loses/Oscar_player_loses_4.rsm
Speech/Mechanic/Oscar/Player_Loses/Oscar_player_loses_5.rsm
Speech/Mechanic/Oscar/Player_Loses/Oscar_player_loses_6.rsm
Speech/Mechanic/Oscar/Player_Loses/Oscar_player_loses_7.rsm
Speech/Mechanic/Oscar/Player_Loses/Oscar_player_loses_8.rsm
Speech/Mechanic/Oscar/Player_Loses/Oscar_player_loses_9.rsm
Speech/Narrator/1_Welcome_SanDiego_1.rsm
Speech/Narrator/1_Welcome_SanDiego_2.rsm
Speech/Mechanic/Apone/Lose/Apone_lose_1.rsm
Speech/Mechanic/Apone/Lose/Apone_lose_2.rsm
Speech/Mechanic/Apone/Lose/Apone_lose_3.rsm
Speech/Mechanic/Apone/Lose/Apone_lose_4.rsm
Speech/Mechanic/Apone/Lose/Apone_lose_5.rsm
Speech/Mechanic/Apone/Lose/Apone_lose_6.rsm
Speech/Mechanic/Apone/Lose/Apone_lose_7.rsm
Speech/Mechanic/Apone/Lose/Apone_lose_8.rsm
Speech/Mechanic/Apone/Lose/Apone_lose_9.rsm
Speech/Mechanic/Apone/Open/Apone_open_1.rsm
Speech/Mechanic/Apone/Open/Apone_open_2.rsm
Speech/Mechanic/Apone/Open/Apone_open_3.rsm
Speech/Mechanic/Apone/Open/Apone_open_4.rsm
Speech/Mechanic/Apone/Open/Apone_open_5.rsm
Speech/Mechanic/Apone/Open/Apone_open_6.rsm
Speech/Mechanic/Apone/Open/Apone_open_7.rsm
RaceStarters/racestart_10_Sara_2C_1.rsm
RaceStarters/racestart_10_Sara_3C_1.rsm
RaceStarters/racestart_10_Sara_5C_1.rsm
RaceStarters/racestart_10_Sara_6C_1.rsm
RaceStarters/racestart_10_Sara_7C_1.rsm
RaceStarters/racestart_09_Nina_2C_1.rsm
RaceStarters/racestart_09_Nina_3C_1.rsm
RaceStarters/racestart_09_Nina_5C_1.rsm
RaceStarters/racestart_09_Nina_6C_1.rsm
RaceStarters/racestart_09_Nina_7C_1.rsm
Speech/Mechanic/Oscar/Lose/Oscar_lose_1.rsm
Speech/Mechanic/Oscar/Lose/Oscar_lose_2.rsm
Speech/Mechanic/Oscar/Lose/Oscar_lose_3.rsm
Speech/Mechanic/Oscar/Lose/Oscar_lose_4.rsm
Speech/Mechanic/Oscar/Lose/Oscar_lose_5.rsm
Speech/Mechanic/Oscar/Lose/Oscar_lose_6.rsm
Speech/Mechanic/Oscar/Lose/Oscar_lose_7.rsm
Speech/Mechanic/Oscar/Lose/Oscar_lose_8.rsm
Speech/Mechanic/Oscar/Lose/Oscar_lose_9.rsm
Speech/DX_Ped_MCR/CraigPed_02.rsm
Speech/DX_Ped_MCR/CraigPed_11.rsm
Speech/DX_Ped_MCR/CraigPed_03.rsm
Speech/DX_Ped_MCR/CraigPed_20.rsm
Speech/DX_Ped_MCR/CraigPed_12.rsm
Speech/DX_Ped_MCR/CraigPed_04.rsm
Speech/DX_Ped_MCR/CraigPed_21.rsm
Speech/DX_Ped_MCR/CraigPed_13.rsm
Speech/DX_Ped_MCR/CraigPed_05.rsm
Speech/DX_Ped_MCR/CraigPed_22.rsm
Speech/DX_Ped_MCR/CraigPed_14.rsm
Speech/DX_Ped_MCR/CraigPed_06.rsm
Speech/DX_Ped_MCR/CraigPed_23.rsm
Speech/DX_Ped_MCR/CraigPed_15.rsm
Speech/DX_Ped_MCR/CraigPed_07.rsm
Speech/DX_Ped_MCR/CraigPed_16.rsm
Speech/DX_Ped_MCR/CraigPed_17.rsm
Speech/DX_Ped_MCR/CraigPed_18.rsm
Speech/DX_Ped_MCR/CraigPed_19.rsm
Speech/DX_Ped_MCR/EliotPed_01.rsm
Speech/DX_Ped_MCR/EliotPed_02.rsm
Speech/DX_Ped_MCR/EliotPed_11.rsm
Speech/DX_Ped_MCR/EliotPed_03.rsm
Speech/DX_Ped_MCR/EliotPed_20.rsm
Speech/DX_Ped_MCR/EliotPed_12.rsm
Speech/DX_Ped_MCR/EliotPed_04.rsm
Speech/DX_Ped_MCR/EliotPed_13.rsm
Speech/DX_Ped_MCR/EliotPed_05.rsm
Speech/DX_Ped_MCR/EliotPed_14.rsm
Speech/DX_Ped_MCR/EliotPed_06.rsm
Speech/DX_Ped_MCR/EliotPed_15.rsm
Speech/DX_Ped_MCR/EliotPed_07.rsm
Speech/DX_Ped_MCR/EliotPed_16.rsm
Speech/DX_Ped_MCR/EliotPed_08.rsm
Speech/DX_Ped_MCR/EliotPed_17.rsm
Speech/DX_Ped_MCR/EliotPed_09.rsm
Speech/DX_Ped_MCR/EliotPed_18.rsm
Speech/DX_Ped_MCR/EliotPed_19.rsm
Speech/DX_Ped_MCR/JasonPed_01.rsm
Speech/DX_Ped_MCR/JasonPed_10.rsm
Speech/DX_Ped_MCR/JasonPed_02.rsm
Speech/DX_Ped_MCR/JasonPed_11.rsm
Speech/DX_Ped_MCR/JasonPed_03.rsm
Speech/DX_Ped_MCR/JasonPed_20.rsm
Speech/DX_Ped_MCR/JasonPed_12.rsm
Speech/DX_Ped_MCR/JasonPed_04.rsm
Speech/DX_Ped_MCR/JasonPed_21.rsm
Speech/DX_Ped_MCR/JasonPed_13.rsm
Speech/DX_Ped_MCR/JasonPed_05.rsm
Speech/DX_Ped_MCR/JasonPed_14.rsm
Speech/DX_Ped_MCR/JasonPed_06.rsm
Speech/DX_Ped_MCR/JasonPed_15.rsm
Speech/DX_Ped_MCR/JasonPed_07.rsm
Speech/DX_Ped_MCR/JasonPed_08.rsm
Speech/DX_Ped_MCR/JasonPed_17.rsm
Speech/DX_Ped_MCR/JasonPed_09.rsm
Speech/DX_Ped_MCR/JasonPed_18.rsm
Speech/DX_Ped_MCR/JasonPed_19.rsm
Speech/DX_Ped_MCR/KenjiPed_01.rsm
Speech/DX_Ped_MCR/KenjiPed_10.rsm
Speech/DX_Ped_MCR/KenjiPed_02.rsm
Speech/DX_Ped_MCR/KenjiPed_11.rsm
Speech/DX_Ped_MCR/KenjiPed_03.rsm
Speech/DX_Ped_MCR/KenjiPed_20.rsm
Speech/DX_Ped_MCR/KenjiPed_12.rsm
Speech/DX_Ped_MCR/KenjiPed_04.rsm
Speech/DX_Ped_MCR/KenjiPed_21.rsm
Speech/DX_Ped_MCR/KenjiPed_13.rsm
Speech/DX_Ped_MCR/KenjiPed_05.rsm
Speech/DX_Ped_MCR/KenjiPed_22.rsm
Speech/DX_Ped_MCR/KenjiPed_14.rsm
Speech/DX_Ped_MCR/KenjiPed_06.rsm
Speech/DX_Ped_MCR/KenjiPed_23.rsm
Speech/DX_Ped_MCR/KenjiPed_15.rsm
Speech/DX_Ped_MCR/KenjiPed_07.rsm
Speech/DX_Ped_MCR/KenjiPed_16.rsm
Speech/DX_Ped_MCR/KenjiPed_08.rsm
Speech/DX_Ped_MCR/KenjiPed_17.rsm
Speech/DX_Ped_MCR/KenjiPed_09.rsm
Speech/DX_Ped_MCR/KenjiPed_18.rsm
Speech/DX_Ped_MCR/KenjiPed_19.rsm
RaceStarters/racestart_P_05L_Adam_1.rsm
RaceStarters/racestart_P_06_CB_2C_1.rsm
RaceStarters/racestart_P_06_CB_3C_1.rsm
RaceStarters/racestart_P_08L_Tara_1.rsm
Speech/Mechanic/Oscar/Open/Oscar_open_1.rsm
Speech/Mechanic/Oscar/Open/Oscar_open_2.rsm
Speech/Mechanic/Oscar/Open/Oscar_open_3.rsm
Speech/Mechanic/Oscar/Open/Oscar_open_4.rsm
Speech/Mechanic/Oscar/Open/Oscar_open_5.rsm
Music/Rock/BlocParty_Banquet.rsm
Music/HipHop/Twista_OvernightCelb.rsm
Speech/Mechanic/Oscar/Player_Wins/Oscar_player_wins_1.rsm
Speech/Mechanic/Oscar/Player_Wins/Oscar_player_wins_2.rsm
Speech/Mechanic/Oscar/Player_Wins/Oscar_player_wins_3.rsm
Speech/Mechanic/Oscar/Player_Wins/Oscar_player_wins_4.rsm
Speech/Mechanic/Oscar/Player_Wins/Oscar_player_wins_5.rsm
Speech/Mechanic/Oscar/Player_Wins/Oscar_player_wins_6.rsm
Speech/Mechanic/Oscar/Player_Wins/Oscar_player_wins_7.rsm
Speech/Mechanic/Oscar/Player_Wins/Oscar_player_wins_8.rsm
Speech/Mechanic/Oscar/Player_Wins/Oscar_player_wins_9.rsm
Speech/Narrator/35_Compliment_Muscle_1.rsm
Speech/Narrator/35_Compliment_Muscle_2.rsm
Speech/Narrator/35_Compliment_Muscle_3.rsm
Music/Rock/Kasabian_ClubFoot.rsm
Music/Drum_N_Bass/DomRoland_Imagination.rsm
Music/Techno/MIA_Denang.rsm
Music/Techno/MrDe_Throw.rsm
Music/Drum_N_Bass/DeepBlue_HelicopterTune.rsm
Speech/Narrator/23_Warn_Again_Ceasar_1.rsm
Speech/Narrator/23_Warn_Again_Ceasar_2.rsm
Speech/Narrator/23_Warn_Again_Ceasar_3.rsm
Speech/Narrator/23_Warn_Again_Ceasar_4.rsm
Speech/Narrator/23_Warn_Again_Ceasar_5.rsm
Music/Rock/Ash_Meltdown.rsm
Music/Dancehall/MIA_FireFire.rsm
Speech/Narrator/30_Compl_Perform_Upgrade_1.rsm
Speech/Narrator/30_Compl_Perform_Upgrade_2.rsm
Speech/Narrator/30_Compl_Perform_Upgrade_3.rsm
Speech/Narrator/30_Compl_Perform_Upgrade_4.rsm
Speech/Narrator/30_Compl_Perform_Upgrade_5.rsm
Speech/Narrator/30_Compl_Perform_Upgrade_6.rsm
Speech/Narrator/30_Compl_Perform_Upgrade_7.rsm
Speech/Narrator/30_Compl_Perform_Upgrade_8.rsm
Speech/Narrator/30_Compl_Perform_Upgrade_9.rsm
Speech/Narrator/N_Exotics_1.rsm
Speech/Narrator/N_Exotics_2.rsm
Speech/Narrator/N_Exotics_3.rsm
Speech/Narrator/N_Exotics_4.rsm
Speech/Narrator/N_SUV_big_ballas_fix.rsm
Music/Transitions/skida.rsm
Music/Transitions/skidb.rsm
Music/Transitions/skidc.rsm
Speech/Narrator/N_Generic_for_US_champ_1.rsm
Speech/Narrator/N_Generic_for_US_champ_2.rsm
Speech/Narrator/N_Generic_for_US_champ_3.rsm
Speech/Narrator/N_Generic_for_US_champ_4.rsm
Speech/Narrator/N_Generic_for_US_champ_5.rsm
Speech/Narrator/N_Generic_for_US_champ_6.rsm
Speech/Narrator/N_Generic_for_US_champ_7.rsm
Music/Dancehall/LadySaw_StripTease.rsm
Music/Transitions/rewindB_batch1.rsm
Speech/Mechanic/Apone/Player_Wins/Apone_player_wins_10.rsm
Speech/Mechanic/Apone/Player_Wins/Apone_player_wins_11.rsm
Speech/Mechanic/Apone/Player_Wins/Apone_player_wins_12.rsm
Speech/Mechanic/Apone/Player_Wins/Apone_player_wins_13.rsm
Speech/Mechanic/Apone/Player_Wins/Apone_player_wins_14.rsm
RaceStarters/racestart_11_Alex_LaTonya_1.rsm
Speech/Narrator/N_by_invitation_only_B.rsm
Speech/Mechanic/Oscar/Car_Diss/Oscar_car_diss_1.rsm
Speech/Mechanic/Oscar/Car_Diss/Oscar_car_diss_2.rsm
Speech/Mechanic/Oscar/Car_Diss/Oscar_car_diss_3.rsm
Speech/Mechanic/Oscar/Car_Diss/Oscar_car_diss_4.rsm
Speech/Mechanic/Oscar/Car_Diss/Oscar_car_diss_5.rsm
Speech/Mechanic/Oscar/Car_Diss/Oscar_car_diss_6.rsm
Speech/Mechanic/Oscar/Car_Diss/Oscar_car_diss_7.rsm
Speech/Mechanic/Oscar/Car_Diss/Oscar_car_diss_8.rsm
Speech/Mechanic/Oscar/Car_Diss/Oscar_car_diss_9.rsm
Speech/Mechanic/Tokyo/comp_muscle_01.rsm
Speech/Mechanic/Tokyo/comp_muscle_02.rsm
Speech/Mechanic/Tokyo/comp_muscle_03.rsm
Music/Rock/PilotToGunner_Barrio.rsm
Music/HipHop/Fabolous_Gangsta.rsm
Speech/Narrator/25_Warn_Club_Specific_1_B.rsm
Speech/Narrator/25_Warn_Club_Specific_3_B.rsm
Speech/Narrator/25_Warn_Club_Specific_4_B.rsm
Speech/Narrator/25_Warn_Club_Specific_5_B.rsm
Speech/Narrator/25_Warn_Club_Specific_6_B.rsm
Speech/Narrator/25_Warn_Club_Specific_7_B.rsm
Speech/Mechanic/Tokyo/misc_cruise_01.rsm
Speech/Mechanic/Tokyo/misc_cruise_02.rsm
Speech/Mechanic/Tokyo/misc_navsys_01.rsm
Speech/Mechanic/Tokyo/misc_navsys_02.rsm
Speech/Mechanic/Tokyo/misc_tuning_01.rsm
Speech/Mechanic/Tokyo/misc_tuning_02.rsm
Speech/Mechanic/Tokyo/misc_tuning_03.rsm
Speech/Mechanic/Tokyo/misc_tuning_04.rsm
Speech/Mechanic/Tokyo/misc_tuning_05.rsm
Music/Rock/NIN_TheHandThatFeeds.rsm
Speech/Mechanic/Tokyo/lose_filler_01.rsm
Speech/Mechanic/Tokyo/lose_filler_02.rsm
Speech/Mechanic/Tokyo/lose_remind_01.rsm
Speech/Mechanic/Tokyo/lose_remind_02.rsm
Speech/Mechanic/Tokyo/lose_remind_03.rsm
Speech/Mechanic/Tokyo/lose_remind_04.rsm
Speech/Mechanic/Tokyo/lose_remind_05.rsm
Speech/Mechanic/Tokyo/lose_remind_06.rsm
Music/Dancehall/BeenieMan_MissLAP.rsm
Music/Dancehall/BeenieMan_YaggaYo.rsm
Speech/Mechanic/Tokyo/lose_taunt_010.rsm
Speech/Mechanic/Tokyo/lose_taunt_011.rsm
Speech/Mechanic/Tokyo/taunt_noupg_01.rsm
Speech/Mechanic/Tokyo/taunt_noupg_02.rsm
Speech/Mechanic/Tokyo/taunt_noupg_03.rsm
Speech/Mechanic/Tokyo/taunt_noupg_04.rsm
Speech/Mechanic/Tokyo/taunt_noupg_05.rsm
Speech/Mechanic/Tokyo/taunt_trash_01.rsm
Speech/Mechanic/Tokyo/taunt_trash_10.rsm
Speech/Mechanic/Tokyo/taunt_trash_02.rsm
Speech/Mechanic/Tokyo/taunt_trash_11.rsm
Speech/Mechanic/Tokyo/taunt_trash_03.rsm
Speech/Mechanic/Tokyo/taunt_trash_12.rsm
Speech/Mechanic/Tokyo/taunt_trash_04.rsm
Speech/Mechanic/Tokyo/taunt_trash_05.rsm
Speech/Mechanic/Tokyo/taunt_trash_07.rsm
Speech/Mechanic/Tokyo/taunt_trash_08.rsm
Speech/Mechanic/Tokyo/taunt_trash_09.rsm
Speech/Mechanic/Vince/After_Upgrade/Vince_after_upgrade_1.rsm
Speech/Mechanic/Vince/After_Upgrade/Vince_after_upgrade_2.rsm
Speech/Mechanic/Vince/After_Upgrade/Vince_after_upgrade_3.rsm
Speech/Mechanic/Vince/After_Upgrade/Vince_after_upgrade_4.rsm
Speech/Mechanic/Vince/After_Upgrade/Vince_after_upgrade_5.rsm
Speech/Mechanic/Vince/After_Upgrade/Vince_after_upgrade_6.rsm
Speech/Mechanic/Vince/After_Upgrade/Vince_after_upgrade_7.rsm
Speech/Mechanic/Vince/After_Upgrade/Vince_after_upgrade_8.rsm
Speech/Mechanic/Vince/After_Upgrade/Vince_after_upgrade_9.rsm
RaceStarters/racestart_copstart_Adam_02_2C_1.rsm
RaceStarters/racestart_copstart_Adam_02_3C_1.rsm
RaceStarters/racestart_copstart_Adam_02_5C_1.rsm
RaceStarters/racestart_copstart_Adam_02_6C_1.rsm
RaceStarters/racestart_copstart_Adam_02_7C_1.rsm
Speech/Narrator/28_Compliment_Vis_Upgrade_1.rsm
Speech/Narrator/28_Compliment_Vis_Upgrade_2.rsm
Speech/Narrator/28_Compliment_Vis_Upgrade_3.rsm
Speech/Narrator/28_Compliment_Vis_Upgrade_4.rsm
Speech/Narrator/28_Compliment_Vis_Upgrade_5.rsm
Speech/Narrator/28_Compliment_Vis_Upgrade_6.rsm
Speech/Narrator/28_Compliment_Vis_Upgrade_7.rsm
Speech/Narrator/28_Compliment_Vis_Upgrade_8.rsm
Speech/Narrator/28_Compliment_Vis_Upgrade_9.rsm
Speech/Narrator/28_Compliment_Vis_Upgrad_10.rsm
Speech/Narrator/28_Compliment_Vis_Upgrad_11.rsm
Speech/Narrator/28_Compliment_Vis_Upgrad_12.rsm
Speech/Narrator/28_Compliment_Vis_Upgrad_13.rsm
Speech/Narrator/28_Compliment_Vis_Upgrad_14.rsm
Speech/Narrator/28_Compliment_Vis_Upgrad_15.rsm
Speech/Narrator/28_Compliment_Vis_Upgrad_16.rsm
Speech/Narrator/28_Compliment_Vis_Upgrad_17.rsm
Speech/Mechanic/Vince/Lose/Vince_lose_1.rsm
Speech/Mechanic/Vince/Lose/Vince_lose_2.rsm
Speech/Mechanic/Vince/Lose/Vince_lose_3.rsm
Speech/Mechanic/Vince/Lose/Vince_lose_4.rsm
Speech/Mechanic/Vince/Lose/Vince_lose_5.rsm
Speech/Mechanic/Vince/Lose/Vince_lose_6.rsm
Speech/Mechanic/Vince/Lose/Vince_lose_7.rsm
Speech/Mechanic/Vince/Lose/Vince_lose_8.rsm
Speech/Mechanic/Vince/Lose/Vince_lose_9.rsm
Speech/Mechanic/Vince/Open/Vince_open_1.rsm
Speech/Mechanic/Vince/Open/Vince_open_2.rsm
Speech/Mechanic/Vince/Open/Vince_open_3.rsm
Speech/Mechanic/Vince/Open/Vince_open_4.rsm
Speech/Mechanic/Vince/Open/Vince_open_5.rsm
Speech/DX_Ped_MCR/JeffPed_01.rsm
Speech/DX_Ped_MCR/JeffPed_10.rsm
Speech/DX_Ped_MCR/JeffPed_02.rsm
Speech/DX_Ped_MCR/JeffPed_11.rsm
Speech/DX_Ped_MCR/JeffPed_03.rsm
Speech/DX_Ped_MCR/JeffPed_20.rsm
Speech/DX_Ped_MCR/JeffPed_12.rsm
Speech/DX_Ped_MCR/JeffPed_04.rsm
Speech/DX_Ped_MCR/JeffPed_21.rsm
Speech/DX_Ped_MCR/JeffPed_13.rsm
Speech/DX_Ped_MCR/JeffPed_05.rsm
Speech/DX_Ped_MCR/JeffPed_22.rsm
Speech/DX_Ped_MCR/JeffPed_14.rsm
Speech/DX_Ped_MCR/JeffPed_06.rsm
Speech/DX_Ped_MCR/JeffPed_15.rsm
Speech/DX_Ped_MCR/JeffPed_07.rsm
Speech/DX_Ped_MCR/JeffPed_16.rsm
Speech/DX_Ped_MCR/JeffPed_08.rsm
Speech/DX_Ped_MCR/JeffPed_17.rsm
Speech/DX_Ped_MCR/JeffPed_09.rsm
Speech/DX_Ped_MCR/JeffPed_18.rsm
Speech/DX_Ped_MCR/JeffPed_19.rsm
Speech/Narrator/3_Atlanta_unlocked_1_B.rsm
Speech/Narrator/3_Atlanta_unlocked_2_B.rsm
Music/HipHop/Apathy_DriveItLikeIStoleIt.rsm
Speech/Narrator/N_Generic_for_hookman_1.rsm
Speech/Narrator/N_Generic_for_hookman_2.rsm
Speech/Narrator/N_Generic_for_hookman_3.rsm
Speech/Narrator/N_Generic_for_hookman_4.rsm
Speech/Narrator/N_Generic_for_hookman_5.rsm
Music/Techno/TekBrothers_Funktion.rsm
RaceStarters/racestart_11_Alex_LaTonya_2C_1.rsm
RaceStarters/racestart_11_Alex_LaTonya_3C_1.rsm
RaceStarters/racestart_11_Alex_LaTonya_5C_1.rsm
RaceStarters/racestart_11_Alex_LaTonya_6C_1.rsm
RaceStarters/racestart_11_Alex_LaTonya_7C_1.rsm
Speech/Mechanic/Vince/Player_Wins/Vince_player_wins_10.rsm
Speech/Mechanic/Vince/Player_Wins/Vince_player_wins_11.rsm
Music/Drum_N_Bass/BlameArtificialIntelligence.rsm
Speech/Mechanic/Tokyo/comp_sedan_01.rsm
Speech/Mechanic/Tokyo/comp_sedan_02.rsm
Speech/Mechanic/Tokyo/comp_sedan_03.rsm
Speech/Mechanic/Tokyo/comp_sbike_01.rsm
Speech/Mechanic/Tokyo/comp_sbike_02.rsm
Speech/Mechanic/Tokyo/comp_sbike_03.rsm
Speech/Mechanic/Tokyo/comp_tuner_01.rsm
Speech/Mechanic/Tokyo/comp_tuner_02.rsm
Speech/Mechanic/Tokyo/comp_tuner_03.rsm
Speech/Mechanic/Tokyo/lose_taunt_01.rsm
Speech/Mechanic/Tokyo/lose_taunt_02.rsm
Speech/Mechanic/Tokyo/lose_taunt_03.rsm
Speech/Mechanic/Tokyo/lose_taunt_04.rsm
Speech/Mechanic/Tokyo/lose_taunt_05.rsm
Speech/Mechanic/Tokyo/lose_taunt_06.rsm
Speech/Mechanic/Tokyo/lose_taunt_07.rsm
Speech/Mechanic/Tokyo/lose_taunt_08.rsm
Speech/Mechanic/Tokyo/lose_taunt_09.rsm
Speech/Mechanic/Tokyo/lose_tourn_01.rsm
Speech/Mechanic/Tokyo/lose_tourn_02.rsm
Speech/Mechanic/Tokyo/lose_tourn_03.rsm
Music/Techno/AztecMystic_Aguila.rsm
Music/Rock/QueensStoneAge_LittleSister.rsm
Music/Techno/Martian_Stardancer.rsm
Music/Dancehall/SeanPaul_Breakout.rsm
Music/Dancehall/SeanPaul_LikeGlue.rsm
Music/Techno/LosHermanos_Queztal.rsm
Music/Dancehall/Damian_WelcomeToJamrock.rsm
Music/Drum_N_Bass/DomRoland_Soundwall.rsm
Music/Transitions/skid1_batch1.rsm
Music/HipHop/PeteyPablo_FreekALeek.rsm
Speech/Mechanic/Vince/Player_Wins/Vince_player_wins_1.rsm
Speech/Mechanic/Vince/Player_Wins/Vince_player_wins_2.rsm
Speech/Mechanic/Vince/Player_Wins/Vince_player_wins_3.rsm
Speech/Mechanic/Vince/Player_Wins/Vince_player_wins_4.rsm
Speech/Mechanic/Vince/Player_Wins/Vince_player_wins_5.rsm
Speech/Mechanic/Vince/Player_Wins/Vince_player_wins_6.rsm
Speech/Mechanic/Vince/Player_Wins/Vince_player_wins_7.rsm
Speech/Mechanic/Vince/Player_Wins/Vince_player_wins_8.rsm
Speech/Mechanic/Vince/Player_Wins/Vince_player_wins_9.rsm
Speech/Mechanic/Apone/Player_Loses/Apone_player_loses_10.rsm
Speech/Mechanic/Apone/Player_Loses/Apone_player_loses_11.rsm
Speech/Mechanic/Apone/Player_Loses/Apone_player_loses_20.rsm
Speech/Mechanic/Apone/Player_Loses/Apone_player_loses_12.rsm
Speech/Mechanic/Apone/Player_Loses/Apone_player_loses_21.rsm
Speech/Mechanic/Apone/Player_Loses/Apone_player_loses_13.rsm
Speech/Mechanic/Apone/Player_Loses/Apone_player_loses_30.rsm
Speech/Mechanic/Apone/Player_Loses/Apone_player_loses_22.rsm
Speech/Mechanic/Apone/Player_Loses/Apone_player_loses_14.rsm
Speech/Mechanic/Apone/Player_Loses/Apone_player_loses_31.rsm
Speech/Mechanic/Apone/Player_Loses/Apone_player_loses_23.rsm
Speech/Mechanic/Apone/Player_Loses/Apone_player_loses_15.rsm
Speech/Mechanic/Apone/Player_Loses/Apone_player_loses_32.rsm
Speech/Mechanic/Apone/Player_Loses/Apone_player_loses_24.rsm
Speech/Mechanic/Apone/Player_Loses/Apone_player_loses_16.rsm
Speech/Mechanic/Apone/Player_Loses/Apone_player_loses_33.rsm
Speech/Mechanic/Apone/Player_Loses/Apone_player_loses_25.rsm
Speech/Mechanic/Apone/Player_Loses/Apone_player_loses_17.rsm
Speech/Mechanic/Apone/Player_Loses/Apone_player_loses_26.rsm
Speech/Mechanic/Apone/Player_Loses/Apone_player_loses_18.rsm
Speech/Mechanic/Apone/Player_Loses/Apone_player_loses_27.rsm
Speech/Mechanic/Apone/Player_Loses/Apone_player_loses_19.rsm
Speech/Mechanic/Apone/Player_Loses/Apone_player_loses_28.rsm
Speech/Mechanic/Apone/Player_Loses/Apone_player_loses_29.rsm
Speech/Mechanic/Tokyo/comp_scar_01.rsm
Speech/Mechanic/Tokyo/comp_scar_02.rsm
Speech/Mechanic/Tokyo/comp_scar_03.rsm
Speech/Mechanic/Tokyo/comp_perf_01.rsm
Speech/Mechanic/Tokyo/comp_perf_02.rsm
Speech/Mechanic/Tokyo/comp_perf_03.rsm
Speech/Mechanic/Tokyo/comp_perf_04.rsm
Speech/Mechanic/Tokyo/comp_perf_05.rsm
Speech/Mechanic/Tokyo/comp_perf_06.rsm
Speech/Mechanic/Tokyo/comp_perf_07.rsm
Speech/Mechanic/Tokyo/comp_perf_08.rsm
Speech/Mechanic/Tokyo/comp_perf_09.rsm
Speech/Mechanic/Vince/Loses_Tournament/Vince_loses_tournament_1.rsm
Speech/Mechanic/Vince/Loses_Tournament/Vince_loses_tournament_2.rsm
Speech/Mechanic/Vince/Loses_Tournament/Vince_loses_tournament_3.rsm
Speech/Mechanic/Vince/Loses_Tournament/Vince_loses_tournament_4.rsm
Speech/Mechanic/Vince/Loses_Tournament/Vince_loses_tournament_5.rsm
Speech/Mechanic/Vince/Loses_Tournament/Vince_loses_tournament_6.rsm
Speech/Mechanic/Vince/Loses_Tournament/Vince_loses_tournament_7.rsm
Speech/Narrator/25_Warn_Club_Specific_1.rsm
Speech/Narrator/25_Warn_Club_Specific_2.rsm
Speech/Narrator/25_Warn_Club_Specific_3.rsm
Speech/Narrator/25_Warn_Club_Specific_4.rsm
Speech/Narrator/25_Warn_Club_Specific_5.rsm
Speech/Narrator/25_Warn_Club_Specific_6.rsm
Speech/Narrator/25_Warn_Club_Specific_7.rsm
Speech/Mechanic/Tokyo/misc_comp_01.rsm
Speech/Mechanic/Tokyo/misc_comp_02.rsm
Speech/Mechanic/Tokyo/misc_comp_03.rsm
Speech/Mechanic/Tokyo/misc_comp_04.rsm
Speech/Mechanic/Tokyo/misc_comp_05.rsm
Speech/Mechanic/Tokyo/lose_hint_01.rsm
Speech/Mechanic/Tokyo/lose_hint_02.rsm
Speech/Mechanic/Tokyo/lose_hint_03.rsm
Speech/Mechanic/Tokyo/lose_hint_04.rsm
Speech/Mechanic/Tokyo/lose_hint_05.rsm
Speech/Narrator/59_Compliment_Vehicle_1_B.rsm
Speech/Narrator/59_Compliment_Vehicle_3_B.rsm
Speech/Narrator/59_Compliment_Vehicle_4_B.rsm
Speech/Narrator/59_Compliment_Vehicle_5_B.rsm
Speech/Mechanic/Tokyo/win_tourn_01.rsm
Speech/Mechanic/Tokyo/win_tourn_02.rsm
Speech/Mechanic/Tokyo/win_tourn_03.rsm
Speech/Mechanic/Vince/Misc/Vince_groupD_unlock_1.rsm
Speech/Mechanic/Vince/Misc/Vince_groupD_unlock_2.rsm
Speech/Mechanic/Vince/Misc/Vince_groupD_unlock_3.rsm
Speech/Mechanic/Vince/Misc/Vince_groupD_unlock_4.rsm
Speech/Mechanic/Vince/Misc/Vince_groupD_unlock_5.rsm
Music/Drum_N_Bass/DomRoland_Archaeon.rsm
Speech/Mechanic/Vince/Misc/Vince_100percent_complete.rsm
Speech/Mechanic/Apone/Player_Loses/Apone_player_loses_1.rsm
Speech/Mechanic/Apone/Player_Loses/Apone_player_loses_2.rsm
Speech/Mechanic/Apone/Player_Loses/Apone_player_loses_3.rsm
Speech/Mechanic/Apone/Player_Loses/Apone_player_loses_4.rsm
Speech/Mechanic/Apone/Player_Loses/Apone_player_loses_5.rsm
Speech/Mechanic/Apone/Player_Loses/Apone_player_loses_6.rsm
Speech/Mechanic/Apone/Player_Loses/Apone_player_loses_7.rsm
Speech/Mechanic/Apone/Player_Loses/Apone_player_loses_8.rsm
Speech/Mechanic/Apone/Player_Loses/Apone_player_loses_9.rsm
Speech/Narrator/40_Tournament_Info_1_B.rsm
Speech/Narrator/40_Tournament_Info_2_B.rsm
Speech/Narrator/40_Tournament_Info_3_B.rsm
Speech/Narrator/40_Tournament_Info_4_B.rsm
Speech/Narrator/5_Tourn_unlocked_1_B.rsm
Speech/Narrator/5_Tourn_unlocked_2_B.rsm
Speech/Narrator/5_Tourn_unlocked_4_B.rsm
Speech/Narrator/5_Tourn_unlocked_5_B.rsm
Speech/Narrator/5_Tourn_unlocked_6_B.rsm
